******************************************************************************
                  MSP430 Linker PC v4.4.3                      
******************************************************************************
>> Linked Mon Nov 16 20:25:03 2015

OUTPUT FILE NAME:   <MSP430G2553_MRF89XA_Transmitter_Example_Project.out>
ENTRY POINT SYMBOL: "_c_int00_noargs_noexit"  address: 0000c7f6


MEMORY CONFIGURATION

         name            origin    length      used     unused   attr    fill
----------------------  --------  ---------  --------  --------  ----  --------
  SFR                   00000000   00000010  00000000  00000010  RWIX
  PERIPHERALS_8BIT      00000010   000000f0  00000000  000000f0  RWIX
  PERIPHERALS_16BIT     00000100   00000100  00000000  00000100  RWIX
  RAM                   00000200   00000200  000000b5  0000014b  RWIX
  INFOD                 00001000   00000040  00000000  00000040  RWIX
  INFOC                 00001040   00000040  00000000  00000040  RWIX
  INFOB                 00001080   00000040  00000000  00000040  RWIX
  INFOA                 000010c0   00000040  00000000  00000040  RWIX
  FLASH                 0000c000   00003fe0  0000091b  000036c5  RWIX
  INT00                 0000ffe0   00000002  00000000  00000002  RWIX
  INT01                 0000ffe2   00000002  00000000  00000002  RWIX
  INT02                 0000ffe4   00000002  00000002  00000000  RWIX
  INT03                 0000ffe6   00000002  00000002  00000000  RWIX
  INT04                 0000ffe8   00000002  00000000  00000002  RWIX
  INT05                 0000ffea   00000002  00000002  00000000  RWIX
  INT06                 0000ffec   00000002  00000002  00000000  RWIX
  INT07                 0000ffee   00000002  00000002  00000000  RWIX
  INT08                 0000fff0   00000002  00000002  00000000  RWIX
  INT09                 0000fff2   00000002  00000002  00000000  RWIX
  INT10                 0000fff4   00000002  00000002  00000000  RWIX
  INT11                 0000fff6   00000002  00000002  00000000  RWIX
  INT12                 0000fff8   00000002  00000002  00000000  RWIX
  INT13                 0000fffa   00000002  00000002  00000000  RWIX
  INT14                 0000fffc   00000002  00000002  00000000  RWIX
  RESET                 0000fffe   00000002  00000002  00000000  RWIX


SECTION ALLOCATION MAP

 output                                  attributes/
section   page    origin      length       input sections
--------  ----  ----------  ----------   ----------------
.bss       0    00000200    00000064     UNINITIALIZED
                  00000200    00000040     (.common:TxPacket)
                  00000240    00000020     (.common:uart_rcv_buf)
                  00000260    00000001     (.common:dummy)
                  00000261    00000001     (.common:error)
                  00000262    00000001     (.common:payload_length)
                  00000263    00000001     (.common:uart_buf_size)

.data      0    00000264    00000001     UNINITIALIZED
                  00000264    00000001     main_lnk.obj (.data)

.stack     0    000003b0    00000050     UNINITIALIZED
                  000003b0    00000002     rts430_eabi.lib : boot.obj (.stack)
                  000003b2    0000004e     --HOLE--

.text      0    0000c000    000008a4     
                  0000c000    0000022c     radio.obj (.text:Radio_Init)
                  0000c22c    000000a0     radio.obj (.text:Radio_Tx)
                  0000c2cc    00000092     system.obj (.text:cByteToHex)
                  0000c35e    00000090     main_lnk.obj (.text:main)
                  0000c3ee    0000007c     radio.obj (.text:Radio_Set_Channel)
                  0000c46a    00000064     rts430_eabi.lib : copy_decompress_rle.obj (.text:__TI_decompress_rle_core)
                  0000c4ce    00000060     system.obj (.text:System_Set_Speed)
                  0000c52e    00000058     rts430_eabi.lib : autoinit.obj (.text:_auto_init)
                  0000c586    00000056     spi.obj (.text:SPI_Init)
                  0000c5dc    00000048     system.obj (.text:System_Init)
                  0000c624    00000046     main_lnk.obj (.text:Print_Error)
                  0000c66a    0000003e     uart.obj (.text:UART0_Send_ByteToChar)
                  0000c6a8    00000038     radio.obj (.text:_Add_Address_To_Packet)
                  0000c6e0    00000032     uart.obj (.text:UART_Init)
                  0000c712    0000002c     rts430_eabi.lib : asr16.obj (.text)
                  0000c73e    00000022     spi.obj (.text:SPI_Conf_Read_Register)
                  0000c760    00000020     system.obj (.text:Port_2)
                  0000c780    00000020     uart.obj (.text:USCI0RX_ISR)
                  0000c7a0    0000001e     spi.obj (.text:SPI_Conf_Write_Register)
                  0000c7be    0000001e     spi.obj (.text:Spi_Send)
                  0000c7dc    0000001a     spi.obj (.text:SPI_Data_Write)
                  0000c7f6    0000001a     rts430_eabi.lib : boot_special.obj (.text:_c_int00_noargs_noexit)
                  0000c810    00000014     uart.obj (.text:UART_Send_Byte)
                  0000c824    00000014     rts430_eabi.lib : copy_zero_init.obj (.text:decompress:ZI:__TI_zero_init)
                  0000c838    00000012     radio.obj (.text:Radio_Set_TxPower)
                  0000c84a    00000012     uart.obj (.text:UART_Send_Data)
                  0000c85c    00000012     rts430_eabi.lib : copy_decompress_none.obj (.text:decompress:none:__TI_decompress_none)
                  0000c86e    00000012                     : memcpy.obj (.text:memcpy)
                  0000c880    00000010                     : epilog.obj (.text)
                  0000c890    00000006                     : isr_trap.obj (.text:_isr:__TI_ISR_TRAP)
                  0000c896    00000006                     : copy_decompress_rle.obj (.text:decompress:rle24:__TI_decompress_rle24)
                  0000c89c    00000004                     : pre_init.obj (.text:_system_pre_init)
                  0000c8a0    00000004                     : exit.obj (.text:abort)

.const     0    0000c8a4    0000005f     
                  0000c8a4    0000001e     main_lnk.obj (.const:.string)
                  0000c8c2    00000015     radio.obj (.const:.string:P_VALUE_CH_)
                  0000c8d7    00000001     radio.obj (.const)
                  0000c8d8    00000015     radio.obj (.const:.string:R_VALUE_CH_)
                  0000c8ed    00000001     --HOLE-- [fill = 0]
                  0000c8ee    00000015     radio.obj (.const:.string:S_VALUE_CH_)

.cinit     0    0000c904    00000018     
                  0000c904    00000006     (__TI_handler_table)
                  0000c90a    00000005     (.cinit..data.load) [load image]
                  0000c90f    00000001     --HOLE-- [fill = 0]
                  0000c910    00000004     (.cinit..bss.load) [load image, compression = zero_init]
                  0000c914    00000008     (__TI_cinit_table)

.init_array 
*          0    0000c000    00000000     UNINITIALIZED

.TI.noinit 
*          0    00000200    00000000     UNINITIALIZED

.TI.persistent 
*          0    00000264    00000000     UNINITIALIZED

PORT1      0    0000ffe4    00000002     
                  0000ffe4    00000002     rts430_eabi.lib : int02.obj (.int02)

PORT2      0    0000ffe6    00000002     
                  0000ffe6    00000002     system.obj (.int03)

ADC10      0    0000ffea    00000002     
                  0000ffea    00000002     rts430_eabi.lib : int05.obj (.int05)

USCIAB0TX 
*          0    0000ffec    00000002     
                  0000ffec    00000002     rts430_eabi.lib : int06.obj (.int06)

USCIAB0RX 
*          0    0000ffee    00000002     
                  0000ffee    00000002     uart.obj (.int07)

TIMER0_A1 
*          0    0000fff0    00000002     
                  0000fff0    00000002     rts430_eabi.lib : int08.obj (.int08)

TIMER0_A0 
*          0    0000fff2    00000002     
                  0000fff2    00000002     rts430_eabi.lib : int09.obj (.int09)

WDT        0    0000fff4    00000002     
                  0000fff4    00000002     rts430_eabi.lib : int10.obj (.int10)

COMPARATORA 
*          0    0000fff6    00000002     
                  0000fff6    00000002     rts430_eabi.lib : int11.obj (.int11)

TIMER1_A1 
*          0    0000fff8    00000002     
                  0000fff8    00000002     rts430_eabi.lib : int12.obj (.int12)

TIMER1_A0 
*          0    0000fffa    00000002     
                  0000fffa    00000002     rts430_eabi.lib : int13.obj (.int13)

NMI        0    0000fffc    00000002     
                  0000fffc    00000002     rts430_eabi.lib : int14.obj (.int14)

.reset     0    0000fffe    00000002     
                  0000fffe    00000002     rts430_eabi.lib : boot.obj (.reset)


LINKER GENERATED COPY TABLES

__TI_cinit_table @ 0000c914 records: 2, size/record: 4, table size: 8
	.data: load addr=0000c90a, load size=00000005 bytes, run addr=00000264, run size=00000001 bytes, compression=copy
	.bss: load addr=0000c910, load size=00000004 bytes, run addr=00000200, run size=00000064 bytes, compression=zero_init


LINKER GENERATED HANDLER TABLE

__TI_handler_table @ 0000c904 records: 3, size/record: 2, table size: 6
	index: 0, handler: __TI_zero_init
	index: 1, handler: __TI_decompress_rle24
	index: 2, handler: __TI_decompress_none


GLOBAL SYMBOLS: SORTED ALPHABETICALLY BY Name 

address   name                    
-------   ----                    
0000004a  ADC10AE0                
000001b0  ADC10CTL0               
000001b2  ADC10CTL1               
00000048  ADC10DTC0               
00000049  ADC10DTC1               
000001b4  ADC10MEM                
000001bc  ADC10SA                 
00000057  BCSCTL1                 
00000058  BCSCTL2                 
00000053  BCSCTL3                 
0000c8a0  C$$EXIT                 
00000059  CACTL1                  
0000005a  CACTL2                  
000010fb  CALBC1_12MHZ            
000010f9  CALBC1_16MHZ            
000010ff  CALBC1_1MHZ             
000010fd  CALBC1_8MHZ             
000010fa  CALDCO_12MHZ            
000010f8  CALDCO_16MHZ            
000010fe  CALDCO_1MHZ             
000010fc  CALDCO_8MHZ             
0000005b  CAPD                    
00000056  DCOCTL                  
00000128  FCTL1                   
0000012a  FCTL2                   
0000012c  FCTL3                   
00000000  IE1                     
00000001  IE2                     
00000002  IFG1                    
00000003  IFG2                    
00000022  P1DIR                   
00000025  P1IE                    
00000024  P1IES                   
00000023  P1IFG                   
00000020  P1IN                    
00000021  P1OUT                   
00000027  P1REN                   
00000026  P1SEL                   
00000041  P1SEL2                  
0000002a  P2DIR                   
0000002d  P2IE                    
0000002c  P2IES                   
0000002b  P2IFG                   
00000028  P2IN                    
00000029  P2OUT                   
0000002f  P2REN                   
0000002e  P2SEL                   
00000042  P2SEL2                  
0000001a  P3DIR                   
00000018  P3IN                    
00000019  P3OUT                   
00000010  P3REN                   
0000001b  P3SEL                   
00000043  P3SEL2                  
0000c8c2  P_VALUE_CH_             
0000c760  Port_2                  
0000c624  Print_Error             
0000c8d8  R_VALUE_CH_             
0000c000  Radio_Init              
0000c3ee  Radio_Set_Channel       
0000c838  Radio_Set_TxPower       
0000c22c  Radio_Tx                
0000c73e  SPI_Conf_Read_Register  
0000c7a0  SPI_Conf_Write_Register 
0000c7dc  SPI_Data_Write          
0000c586  SPI_Init                
0000c8ee  S_VALUE_CH_             
0000c7be  Spi_Send                
0000c5dc  System_Init             
0000c4ce  System_Set_Speed        
00000172  TA0CCR0                 
00000174  TA0CCR1                 
00000176  TA0CCR2                 
00000162  TA0CCTL0                
00000164  TA0CCTL1                
00000166  TA0CCTL2                
00000160  TA0CTL                  
0000012e  TA0IV                   
00000170  TA0R                    
00000192  TA1CCR0                 
00000194  TA1CCR1                 
00000196  TA1CCR2                 
00000182  TA1CCTL0                
00000184  TA1CCTL1                
00000186  TA1CCTL2                
00000180  TA1CTL                  
0000011e  TA1IV                   
00000190  TA1R                    
000010db  TLV_ADC10_1_LEN         
000010da  TLV_ADC10_1_TAG         
000010c0  TLV_CHECKSUM            
000010f7  TLV_DCO_30_LEN          
000010f6  TLV_DCO_30_TAG          
00000200  TxPacket                
0000c66a  UART0_Send_ByteToChar   
0000c6e0  UART_Init               
0000c810  UART_Send_Byte          
0000c84a  UART_Send_Data          
0000005d  UCA0ABCTL               
00000062  UCA0BR0                 
00000063  UCA0BR1                 
00000060  UCA0CTL0                
00000061  UCA0CTL1                
0000005f  UCA0IRRCTL              
0000005e  UCA0IRTCTL              
00000064  UCA0MCTL                
00000066  UCA0RXBUF               
00000065  UCA0STAT                
00000067  UCA0TXBUF               
0000006a  UCB0BR0                 
0000006b  UCB0BR1                 
00000068  UCB0CTL0                
00000069  UCB0CTL1                
0000006c  UCB0I2CIE               
00000118  UCB0I2COA               
0000011a  UCB0I2CSA               
0000006e  UCB0RXBUF               
0000006d  UCB0STAT                
0000006f  UCB0TXBUF               
0000c780  USCI0RX_ISR             
00000120  WDTCTL                  
0000c6a8  _Add_Address_To_Packet  
00000400  __STACK_END             
00000050  __STACK_SIZE            
0000c914  __TI_CINIT_Base         
0000c91c  __TI_CINIT_Limit        
0000c904  __TI_Handler_Table_Base 
0000c90a  __TI_Handler_Table_Limit
UNDEFED   __TI_INITARRAY_Base     
UNDEFED   __TI_INITARRAY_Limit    
0000c890  __TI_ISR_TRAP           
0000c85c  __TI_decompress_none    
0000c896  __TI_decompress_rle24   
0000ffe4  __TI_int02              
0000ffe6  __TI_int03              
0000ffea  __TI_int05              
0000ffec  __TI_int06              
0000ffee  __TI_int07              
0000fff0  __TI_int08              
0000fff2  __TI_int09              
0000fff4  __TI_int10              
0000fff6  __TI_int11              
0000fff8  __TI_int12              
0000fffa  __TI_int13              
0000fffc  __TI_int14              
0000c824  __TI_zero_init          
ffffffff  __binit__               
ffffffff  __c_args__              
0000c88c  __mspabi_func_epilog_1  
0000c88a  __mspabi_func_epilog_2  
0000c888  __mspabi_func_epilog_3  
0000c886  __mspabi_func_epilog_4  
0000c884  __mspabi_func_epilog_5  
0000c882  __mspabi_func_epilog_6  
0000c880  __mspabi_func_epilog_7  
0000c712  __mspabi_srai           
0000c73a  __mspabi_srai_1         
0000c728  __mspabi_srai_10        
0000c726  __mspabi_srai_11        
0000c724  __mspabi_srai_12        
0000c722  __mspabi_srai_13        
0000c720  __mspabi_srai_14        
0000c71e  __mspabi_srai_15        
0000c738  __mspabi_srai_2         
0000c736  __mspabi_srai_3         
0000c734  __mspabi_srai_4         
0000c732  __mspabi_srai_5         
0000c730  __mspabi_srai_6         
0000c72e  __mspabi_srai_7         
0000c72c  __mspabi_srai_8         
0000c72a  __mspabi_srai_9         
0000c52e  _auto_init              
0000c7f6  _c_int00_noargs_noexit  
0000fffe  _reset_vector           
000003b0  _stack                  
0000c89c  _system_pre_init        
0000c8a0  abort                   
ffffffff  binit                   
0000c2cc  cByteToHex              
00000260  dummy                   
00000261  error                   
00000264  exit_code               
0000c35e  main                    
0000c86e  memcpy                  
00000262  payload_length          
00000263  uart_buf_size           
00000240  uart_rcv_buf            
0000c8d7  vcotune                 


GLOBAL SYMBOLS: SORTED BY Symbol Address 

address   name                    
-------   ----                    
00000000  IE1                     
00000001  IE2                     
00000002  IFG1                    
00000003  IFG2                    
00000010  P3REN                   
00000018  P3IN                    
00000019  P3OUT                   
0000001a  P3DIR                   
0000001b  P3SEL                   
00000020  P1IN                    
00000021  P1OUT                   
00000022  P1DIR                   
00000023  P1IFG                   
00000024  P1IES                   
00000025  P1IE                    
00000026  P1SEL                   
00000027  P1REN                   
00000028  P2IN                    
00000029  P2OUT                   
0000002a  P2DIR                   
0000002b  P2IFG                   
0000002c  P2IES                   
0000002d  P2IE                    
0000002e  P2SEL                   
0000002f  P2REN                   
00000041  P1SEL2                  
00000042  P2SEL2                  
00000043  P3SEL2                  
00000048  ADC10DTC0               
00000049  ADC10DTC1               
0000004a  ADC10AE0                
00000050  __STACK_SIZE            
00000053  BCSCTL3                 
00000056  DCOCTL                  
00000057  BCSCTL1                 
00000058  BCSCTL2                 
00000059  CACTL1                  
0000005a  CACTL2                  
0000005b  CAPD                    
0000005d  UCA0ABCTL               
0000005e  UCA0IRTCTL              
0000005f  UCA0IRRCTL              
00000060  UCA0CTL0                
00000061  UCA0CTL1                
00000062  UCA0BR0                 
00000063  UCA0BR1                 
00000064  UCA0MCTL                
00000065  UCA0STAT                
00000066  UCA0RXBUF               
00000067  UCA0TXBUF               
00000068  UCB0CTL0                
00000069  UCB0CTL1                
0000006a  UCB0BR0                 
0000006b  UCB0BR1                 
0000006c  UCB0I2CIE               
0000006d  UCB0STAT                
0000006e  UCB0RXBUF               
0000006f  UCB0TXBUF               
00000118  UCB0I2COA               
0000011a  UCB0I2CSA               
0000011e  TA1IV                   
00000120  WDTCTL                  
00000128  FCTL1                   
0000012a  FCTL2                   
0000012c  FCTL3                   
0000012e  TA0IV                   
00000160  TA0CTL                  
00000162  TA0CCTL0                
00000164  TA0CCTL1                
00000166  TA0CCTL2                
00000170  TA0R                    
00000172  TA0CCR0                 
00000174  TA0CCR1                 
00000176  TA0CCR2                 
00000180  TA1CTL                  
00000182  TA1CCTL0                
00000184  TA1CCTL1                
00000186  TA1CCTL2                
00000190  TA1R                    
00000192  TA1CCR0                 
00000194  TA1CCR1                 
00000196  TA1CCR2                 
000001b0  ADC10CTL0               
000001b2  ADC10CTL1               
000001b4  ADC10MEM                
000001bc  ADC10SA                 
00000200  TxPacket                
00000240  uart_rcv_buf            
00000260  dummy                   
00000261  error                   
00000262  payload_length          
00000263  uart_buf_size           
00000264  exit_code               
000003b0  _stack                  
00000400  __STACK_END             
000010c0  TLV_CHECKSUM            
000010da  TLV_ADC10_1_TAG         
000010db  TLV_ADC10_1_LEN         
000010f6  TLV_DCO_30_TAG          
000010f7  TLV_DCO_30_LEN          
000010f8  CALDCO_16MHZ            
000010f9  CALBC1_16MHZ            
000010fa  CALDCO_12MHZ            
000010fb  CALBC1_12MHZ            
000010fc  CALDCO_8MHZ             
000010fd  CALBC1_8MHZ             
000010fe  CALDCO_1MHZ             
000010ff  CALBC1_1MHZ             
0000c000  Radio_Init              
0000c22c  Radio_Tx                
0000c2cc  cByteToHex              
0000c35e  main                    
0000c3ee  Radio_Set_Channel       
0000c4ce  System_Set_Speed        
0000c52e  _auto_init              
0000c586  SPI_Init                
0000c5dc  System_Init             
0000c624  Print_Error             
0000c66a  UART0_Send_ByteToChar   
0000c6a8  _Add_Address_To_Packet  
0000c6e0  UART_Init               
0000c712  __mspabi_srai           
0000c71e  __mspabi_srai_15        
0000c720  __mspabi_srai_14        
0000c722  __mspabi_srai_13        
0000c724  __mspabi_srai_12        
0000c726  __mspabi_srai_11        
0000c728  __mspabi_srai_10        
0000c72a  __mspabi_srai_9         
0000c72c  __mspabi_srai_8         
0000c72e  __mspabi_srai_7         
0000c730  __mspabi_srai_6         
0000c732  __mspabi_srai_5         
0000c734  __mspabi_srai_4         
0000c736  __mspabi_srai_3         
0000c738  __mspabi_srai_2         
0000c73a  __mspabi_srai_1         
0000c73e  SPI_Conf_Read_Register  
0000c760  Port_2                  
0000c780  USCI0RX_ISR             
0000c7a0  SPI_Conf_Write_Register 
0000c7be  Spi_Send                
0000c7dc  SPI_Data_Write          
0000c7f6  _c_int00_noargs_noexit  
0000c810  UART_Send_Byte          
0000c824  __TI_zero_init          
0000c838  Radio_Set_TxPower       
0000c84a  UART_Send_Data          
0000c85c  __TI_decompress_none    
0000c86e  memcpy                  
0000c880  __mspabi_func_epilog_7  
0000c882  __mspabi_func_epilog_6  
0000c884  __mspabi_func_epilog_5  
0000c886  __mspabi_func_epilog_4  
0000c888  __mspabi_func_epilog_3  
0000c88a  __mspabi_func_epilog_2  
0000c88c  __mspabi_func_epilog_1  
0000c890  __TI_ISR_TRAP           
0000c896  __TI_decompress_rle24   
0000c89c  _system_pre_init        
0000c8a0  C$$EXIT                 
0000c8a0  abort                   
0000c8c2  P_VALUE_CH_             
0000c8d7  vcotune                 
0000c8d8  R_VALUE_CH_             
0000c8ee  S_VALUE_CH_             
0000c904  __TI_Handler_Table_Base 
0000c90a  __TI_Handler_Table_Limit
0000c914  __TI_CINIT_Base         
0000c91c  __TI_CINIT_Limit        
0000ffe4  __TI_int02              
0000ffe6  __TI_int03              
0000ffea  __TI_int05              
0000ffec  __TI_int06              
0000ffee  __TI_int07              
0000fff0  __TI_int08              
0000fff2  __TI_int09              
0000fff4  __TI_int10              
0000fff6  __TI_int11              
0000fff8  __TI_int12              
0000fffa  __TI_int13              
0000fffc  __TI_int14              
0000fffe  _reset_vector           
ffffffff  __binit__               
ffffffff  __c_args__              
ffffffff  binit                   
UNDEFED   __TI_INITARRAY_Base     
UNDEFED   __TI_INITARRAY_Limit    

[188 symbols]
