******************************************************************************
                  MSP430 Linker PC v4.4.3                      
******************************************************************************
>> Linked Fri Oct 09 11:41:49 2015

OUTPUT FILE NAME:   <MSP430_Launchpad_MRF89XA_Example_Project.out>
ENTRY POINT SYMBOL: "_c_int00_noargs_noexit"  address: 0000d63a


MEMORY CONFIGURATION

         name            origin    length      used     unused   attr    fill
----------------------  --------  ---------  --------  --------  ----  --------
  SFR                   00000000   00000010  00000000  00000010  RWIX
  PERIPHERALS_8BIT      00000010   000000f0  00000000  000000f0  RWIX
  PERIPHERALS_16BIT     00000100   00000100  00000000  00000100  RWIX
  RAM                   00000200   00000200  00000107  000000f9  RWIX
  INFOD                 00001000   00000040  00000000  00000040  RWIX
  INFOC                 00001040   00000040  00000000  00000040  RWIX
  INFOB                 00001080   00000040  00000000  00000040  RWIX
  INFOA                 000010c0   00000040  00000000  00000040  RWIX
  FLASH                 0000c000   00003fe0  00001aff  000024e1  RWIX
  INT00                 0000ffe0   00000002  00000000  00000002  RWIX
  INT01                 0000ffe2   00000002  00000000  00000002  RWIX
  INT02                 0000ffe4   00000002  00000002  00000000  RWIX
  INT03                 0000ffe6   00000002  00000002  00000000  RWIX
  INT04                 0000ffe8   00000002  00000000  00000002  RWIX
  INT05                 0000ffea   00000002  00000002  00000000  RWIX
  INT06                 0000ffec   00000002  00000002  00000000  RWIX
  INT07                 0000ffee   00000002  00000002  00000000  RWIX
  INT08                 0000fff0   00000002  00000002  00000000  RWIX
  INT09                 0000fff2   00000002  00000002  00000000  RWIX
  INT10                 0000fff4   00000002  00000002  00000000  RWIX
  INT11                 0000fff6   00000002  00000002  00000000  RWIX
  INT12                 0000fff8   00000002  00000002  00000000  RWIX
  INT13                 0000fffa   00000002  00000002  00000000  RWIX
  INT14                 0000fffc   00000002  00000002  00000000  RWIX
  RESET                 0000fffe   00000002  00000002  00000000  RWIX


SECTION ALLOCATION MAP

 output                                  attributes/
section   page    origin      length       input sections
--------  ----  ----------  ----------   ----------------
.bss       0    00000200    000000a6     UNINITIALIZED
                  00000200    00000040     (.common:RxPacket)
                  00000240    00000040     (.common:TxPacket)
                  00000280    00000020     (.common:uart_rcv_buf)
                  000002a0    00000002     (.common:nwk_header)
                  000002a2    00000001     (.common:dummy)
                  000002a3    00000001     (.common:error)
                  000002a4    00000001     (.common:packet_len)
                  000002a5    00000001     (.common:uart_buf_size)

.data      0    000002a6    00000011     UNINITIALIZED
                  000002a6    00000010     nwk_security.obj (.data:encryption_key)
                  000002b6    00000001     radio.obj (.data)

.stack     0    000003b0    00000050     UNINITIALIZED
                  000003b0    00000002     rts430_eabi.lib : boot.obj (.stack)
                  000003b2    0000004e     --HOLE--

.text      0    0000c000    0000173a     
                  0000c000    00000624     aes.obj (.text:aes_decr)
                  0000c624    0000042e     aes.obj (.text:aes_encr)
                  0000ca52    0000022e     radio.obj (.text:Radio_Init)
                  0000cc80    00000136     aes.obj (.text:expandKey)
                  0000cdb6    000000f2     nwk_radio.obj (.text:Radio_Receive_Data)
                  0000cea8    000000d4     radio.obj (.text:Radio_Rx)
                  0000cf7c    000000c2     main_nwk.obj (.text:main)
                  0000d03e    000000ba     radio.obj (.text:Radio_Tx)
                  0000d0f8    00000092     system.obj (.text:cByteToHex)
                  0000d18a    0000007a     radio.obj (.text:Radio_Set_Channel)
                  0000d204    00000064     rts430_eabi.lib : copy_decompress_rle.obj (.text:__TI_decompress_rle_core)
                  0000d268    00000060     system.obj (.text:System_Set_Speed)
                  0000d2c8    00000058     spi.obj (.text:SPI_Init)
                  0000d320    00000058     rts430_eabi.lib : autoinit.obj (.text:_auto_init)
                  0000d378    00000050     system.obj (.text:System_Init)
                  0000d3c8    00000040     radio.obj (.text:Radio_Get_RSSI)
                  0000d408    0000003e     uart.obj (.text:UART0_Send_ByteToChar)
                  0000d446    0000003a     radio.obj (.text:Radio_Set_Mode)
                  0000d480    00000032     uart.obj (.text:UART_Init)
                  0000d4b2    0000002c     rts430_eabi.lib : asr16.obj (.text)
                  0000d4de    0000002c                     : lsl16.obj (.text)
                  0000d50a    00000022     spi.obj (.text:SPI_Conf_Read_Register)
                  0000d52c    00000022     radio.obj (.text:_Add_Address_To_Packet)
                  0000d54e    00000020     system.obj (.text:Port_2)
                  0000d56e    0000001e     spi.obj (.text:SPI_Conf_Write_Register)
                  0000d58c    0000001e     spi.obj (.text:Spi_Send)
                  0000d5aa    0000001e     nwk_radio.obj (.text:_Modify_Packet_Header)
                  0000d5c8    0000001e     aes.obj (.text:aes_decrypt)
                  0000d5e6    0000001e     aes.obj (.text:aes_encrypt)
                  0000d604    0000001c     aes.obj (.text:galois_mul2)
                  0000d620    0000001a     spi.obj (.text:SPI_Data_Write)
                  0000d63a    0000001a     rts430_eabi.lib : boot_special.obj (.text:_c_int00_noargs_noexit)
                  0000d654    00000016     uart.obj (.text:USCI0RX_ISR)
                  0000d66a    00000014     uart.obj (.text:UART_Send_Byte)
                  0000d67e    00000014     rts430_eabi.lib : copy_zero_init.obj (.text:decompress:ZI:__TI_zero_init)
                  0000d692    00000014                     : mult16.obj (.text)
                  0000d6a6    00000012     radio.obj (.text:Radio_Set_TxPower)
                  0000d6b8    00000012     uart.obj (.text:UART_Send_Data)
                  0000d6ca    00000012     rts430_eabi.lib : copy_decompress_none.obj (.text:decompress:none:__TI_decompress_none)
                  0000d6dc    00000012                     : memcpy.obj (.text:memcpy)
                  0000d6ee    00000010     spi.obj (.text:SPI_Data_Read)
                  0000d6fe    00000010     rts430_eabi.lib : epilog.obj (.text)
                  0000d70e    0000000c     nwk_security.obj (.text:Payload_Decrypt)
                  0000d71a    0000000c     nwk_security.obj (.text:Payload_Encrypt)
                  0000d726    00000006     rts430_eabi.lib : isr_trap.obj (.text:_isr:__TI_ISR_TRAP)
                  0000d72c    00000006                     : copy_decompress_rle.obj (.text:decompress:rle24:__TI_decompress_rle24)
                  0000d732    00000004                     : pre_init.obj (.text:_system_pre_init)
                  0000d736    00000004                     : exit.obj (.text:abort)

.const     0    0000d73a    0000039d     
                  0000d73a    00000100     aes.obj (.const:.string:rsbox)
                  0000d83a    00000100     aes.obj (.const:.string:sbox)
                  0000d93a    000000a0     radio.obj (.const:.string)
                  0000d9da    00000070     nwk_radio.obj (.const:.string)
                  0000da4a    00000040     main_nwk.obj (.const:.string)
                  0000da8a    00000015     radio.obj (.const:.string:P_VALUE_CH_)
                  0000da9f    00000001     --HOLE-- [fill = 0]
                  0000daa0    00000015     radio.obj (.const:.string:R_VALUE_CH_)
                  0000dab5    00000001     --HOLE-- [fill = 0]
                  0000dab6    00000015     radio.obj (.const:.string:S_VALUE_CH_)
                  0000dacb    00000001     --HOLE-- [fill = 0]
                  0000dacc    0000000b     aes.obj (.const:.string:Rcon)

.cinit     0    0000dad8    00000028     
                  0000dad8    00000015     (.cinit..data.load) [load image]
                  0000daed    00000001     --HOLE-- [fill = 0]
                  0000daee    00000006     (__TI_handler_table)
                  0000daf4    00000004     (.cinit..bss.load) [load image, compression = zero_init]
                  0000daf8    00000008     (__TI_cinit_table)

.init_array 
*          0    0000c000    00000000     UNINITIALIZED

.TI.noinit 
*          0    00000200    00000000     UNINITIALIZED

.TI.persistent 
*          0    000002a6    00000000     UNINITIALIZED

PORT1      0    0000ffe4    00000002     
                  0000ffe4    00000002     rts430_eabi.lib : int02.obj (.int02)

PORT2      0    0000ffe6    00000002     
                  0000ffe6    00000002     system.obj (.int03)

ADC10      0    0000ffea    00000002     
                  0000ffea    00000002     rts430_eabi.lib : int05.obj (.int05)

USCIAB0TX 
*          0    0000ffec    00000002     
                  0000ffec    00000002     rts430_eabi.lib : int06.obj (.int06)

USCIAB0RX 
*          0    0000ffee    00000002     
                  0000ffee    00000002     uart.obj (.int07)

TIMER0_A1 
*          0    0000fff0    00000002     
                  0000fff0    00000002     rts430_eabi.lib : int08.obj (.int08)

TIMER0_A0 
*          0    0000fff2    00000002     
                  0000fff2    00000002     rts430_eabi.lib : int09.obj (.int09)

WDT        0    0000fff4    00000002     
                  0000fff4    00000002     rts430_eabi.lib : int10.obj (.int10)

COMPARATORA 
*          0    0000fff6    00000002     
                  0000fff6    00000002     rts430_eabi.lib : int11.obj (.int11)

TIMER1_A1 
*          0    0000fff8    00000002     
                  0000fff8    00000002     rts430_eabi.lib : int12.obj (.int12)

TIMER1_A0 
*          0    0000fffa    00000002     
                  0000fffa    00000002     rts430_eabi.lib : int13.obj (.int13)

NMI        0    0000fffc    00000002     
                  0000fffc    00000002     rts430_eabi.lib : int14.obj (.int14)

.reset     0    0000fffe    00000002     
                  0000fffe    00000002     rts430_eabi.lib : boot.obj (.reset)


LINKER GENERATED COPY TABLES

__TI_cinit_table @ 0000daf8 records: 2, size/record: 4, table size: 8
	.data: load addr=0000dad8, load size=00000015 bytes, run addr=000002a6, run size=00000011 bytes, compression=copy
	.bss: load addr=0000daf4, load size=00000004 bytes, run addr=00000200, run size=000000a6 bytes, compression=zero_init


LINKER GENERATED HANDLER TABLE

__TI_handler_table @ 0000daee records: 3, size/record: 2, table size: 6
	index: 0, handler: __TI_zero_init
	index: 1, handler: __TI_decompress_rle24
	index: 2, handler: __TI_decompress_none


GLOBAL SYMBOLS: SORTED ALPHABETICALLY BY Name 

address   name                    
-------   ----                    
0000004a  ADC10AE0                
000001b0  ADC10CTL0               
000001b2  ADC10CTL1               
00000048  ADC10DTC0               
00000049  ADC10DTC1               
000001b4  ADC10MEM                
000001bc  ADC10SA                 
00000057  BCSCTL1                 
00000058  BCSCTL2                 
00000053  BCSCTL3                 
0000d736  C$$EXIT                 
00000059  CACTL1                  
0000005a  CACTL2                  
000010fb  CALBC1_12MHZ            
000010f9  CALBC1_16MHZ            
000010ff  CALBC1_1MHZ             
000010fd  CALBC1_8MHZ             
000010fa  CALDCO_12MHZ            
000010f8  CALDCO_16MHZ            
000010fe  CALDCO_1MHZ             
000010fc  CALDCO_8MHZ             
0000005b  CAPD                    
00000056  DCOCTL                  
00000128  FCTL1                   
0000012a  FCTL2                   
0000012c  FCTL3                   
00000000  IE1                     
00000001  IE2                     
00000002  IFG1                    
00000003  IFG2                    
00000022  P1DIR                   
00000025  P1IE                    
00000024  P1IES                   
00000023  P1IFG                   
00000020  P1IN                    
00000021  P1OUT                   
00000027  P1REN                   
00000026  P1SEL                   
00000041  P1SEL2                  
0000002a  P2DIR                   
0000002d  P2IE                    
0000002c  P2IES                   
0000002b  P2IFG                   
00000028  P2IN                    
00000029  P2OUT                   
0000002f  P2REN                   
0000002e  P2SEL                   
00000042  P2SEL2                  
0000001a  P3DIR                   
00000018  P3IN                    
00000019  P3OUT                   
00000010  P3REN                   
0000001b  P3SEL                   
00000043  P3SEL2                  
0000da8a  P_VALUE_CH_             
0000d70e  Payload_Decrypt         
0000d71a  Payload_Encrypt         
0000d54e  Port_2                  
0000daa0  R_VALUE_CH_             
0000d3c8  Radio_Get_RSSI          
0000ca52  Radio_Init              
0000cdb6  Radio_Receive_Data      
0000cea8  Radio_Rx                
0000d18a  Radio_Set_Channel       
0000d446  Radio_Set_Mode          
0000d6a6  Radio_Set_TxPower       
0000d03e  Radio_Tx                
0000dacc  Rcon                    
00000200  RxPacket                
0000d50a  SPI_Conf_Read_Register  
0000d56e  SPI_Conf_Write_Register 
0000d6ee  SPI_Data_Read           
0000d620  SPI_Data_Write          
0000d2c8  SPI_Init                
0000dab6  S_VALUE_CH_             
0000d58c  Spi_Send                
0000d378  System_Init             
0000d268  System_Set_Speed        
00000172  TA0CCR0                 
00000174  TA0CCR1                 
00000176  TA0CCR2                 
00000162  TA0CCTL0                
00000164  TA0CCTL1                
00000166  TA0CCTL2                
00000160  TA0CTL                  
0000012e  TA0IV                   
00000170  TA0R                    
00000192  TA1CCR0                 
00000194  TA1CCR1                 
00000196  TA1CCR2                 
00000182  TA1CCTL0                
00000184  TA1CCTL1                
00000186  TA1CCTL2                
00000180  TA1CTL                  
0000011e  TA1IV                   
00000190  TA1R                    
000010db  TLV_ADC10_1_LEN         
000010da  TLV_ADC10_1_TAG         
000010c0  TLV_CHECKSUM            
000010f7  TLV_DCO_30_LEN          
000010f6  TLV_DCO_30_TAG          
00000240  TxPacket                
0000d408  UART0_Send_ByteToChar   
0000d480  UART_Init               
0000d66a  UART_Send_Byte          
0000d6b8  UART_Send_Data          
0000005d  UCA0ABCTL               
00000062  UCA0BR0                 
00000063  UCA0BR1                 
00000060  UCA0CTL0                
00000061  UCA0CTL1                
0000005f  UCA0IRRCTL              
0000005e  UCA0IRTCTL              
00000064  UCA0MCTL                
00000066  UCA0RXBUF               
00000065  UCA0STAT                
00000067  UCA0TXBUF               
0000006a  UCB0BR0                 
0000006b  UCB0BR1                 
00000068  UCB0CTL0                
00000069  UCB0CTL1                
0000006c  UCB0I2CIE               
00000118  UCB0I2COA               
0000011a  UCB0I2CSA               
0000006e  UCB0RXBUF               
0000006d  UCB0STAT                
0000006f  UCB0TXBUF               
0000d654  USCI0RX_ISR             
00000120  WDTCTL                  
0000d52c  _Add_Address_To_Packet  
0000d5aa  _Modify_Packet_Header   
00000400  __STACK_END             
00000050  __STACK_SIZE            
0000daf8  __TI_CINIT_Base         
0000db00  __TI_CINIT_Limit        
0000daee  __TI_Handler_Table_Base 
0000daf4  __TI_Handler_Table_Limit
UNDEFED   __TI_INITARRAY_Base     
UNDEFED   __TI_INITARRAY_Limit    
0000d726  __TI_ISR_TRAP           
0000d6ca  __TI_decompress_none    
0000d72c  __TI_decompress_rle24   
0000ffe4  __TI_int02              
0000ffe6  __TI_int03              
0000ffea  __TI_int05              
0000ffec  __TI_int06              
0000ffee  __TI_int07              
0000fff0  __TI_int08              
0000fff2  __TI_int09              
0000fff4  __TI_int10              
0000fff6  __TI_int11              
0000fff8  __TI_int12              
0000fffa  __TI_int13              
0000fffc  __TI_int14              
0000d67e  __TI_zero_init          
ffffffff  __binit__               
ffffffff  __c_args__              
0000d70a  __mspabi_func_epilog_1  
0000d708  __mspabi_func_epilog_2  
0000d706  __mspabi_func_epilog_3  
0000d704  __mspabi_func_epilog_4  
0000d702  __mspabi_func_epilog_5  
0000d700  __mspabi_func_epilog_6  
0000d6fe  __mspabi_func_epilog_7  
0000d692  __mspabi_mpyi           
0000d692  __mspabi_mpyi_sw        
0000d4de  __mspabi_slli           
0000d506  __mspabi_slli_1         
0000d4f4  __mspabi_slli_10        
0000d4f2  __mspabi_slli_11        
0000d4f0  __mspabi_slli_12        
0000d4ee  __mspabi_slli_13        
0000d4ec  __mspabi_slli_14        
0000d4ea  __mspabi_slli_15        
0000d504  __mspabi_slli_2         
0000d502  __mspabi_slli_3         
0000d500  __mspabi_slli_4         
0000d4fe  __mspabi_slli_5         
0000d4fc  __mspabi_slli_6         
0000d4fa  __mspabi_slli_7         
0000d4f8  __mspabi_slli_8         
0000d4f6  __mspabi_slli_9         
0000d4b2  __mspabi_srai           
0000d4da  __mspabi_srai_1         
0000d4c8  __mspabi_srai_10        
0000d4c6  __mspabi_srai_11        
0000d4c4  __mspabi_srai_12        
0000d4c2  __mspabi_srai_13        
0000d4c0  __mspabi_srai_14        
0000d4be  __mspabi_srai_15        
0000d4d8  __mspabi_srai_2         
0000d4d6  __mspabi_srai_3         
0000d4d4  __mspabi_srai_4         
0000d4d2  __mspabi_srai_5         
0000d4d0  __mspabi_srai_6         
0000d4ce  __mspabi_srai_7         
0000d4cc  __mspabi_srai_8         
0000d4ca  __mspabi_srai_9         
0000d320  _auto_init              
0000d63a  _c_int00_noargs_noexit  
0000fffe  _reset_vector           
000003b0  _stack                  
0000d732  _system_pre_init        
0000d736  abort                   
0000c000  aes_decr                
0000d5c8  aes_decrypt             
0000c624  aes_encr                
0000d5e6  aes_encrypt             
ffffffff  binit                   
0000d0f8  cByteToHex              
000002a2  dummy                   
000002a6  encryption_key          
000002a3  error                   
0000cc80  expandKey               
0000d604  galois_mul2             
0000cf7c  main                    
0000d6dc  memcpy                  
000002a0  nwk_header              
000002a4  packet_len              
0000d73a  rsbox                   
0000d83a  sbox                    
000002a5  uart_buf_size           
00000280  uart_rcv_buf            
000002b6  vcotune                 


GLOBAL SYMBOLS: SORTED BY Symbol Address 

address   name                    
-------   ----                    
00000000  IE1                     
00000001  IE2                     
00000002  IFG1                    
00000003  IFG2                    
00000010  P3REN                   
00000018  P3IN                    
00000019  P3OUT                   
0000001a  P3DIR                   
0000001b  P3SEL                   
00000020  P1IN                    
00000021  P1OUT                   
00000022  P1DIR                   
00000023  P1IFG                   
00000024  P1IES                   
00000025  P1IE                    
00000026  P1SEL                   
00000027  P1REN                   
00000028  P2IN                    
00000029  P2OUT                   
0000002a  P2DIR                   
0000002b  P2IFG                   
0000002c  P2IES                   
0000002d  P2IE                    
0000002e  P2SEL                   
0000002f  P2REN                   
00000041  P1SEL2                  
00000042  P2SEL2                  
00000043  P3SEL2                  
00000048  ADC10DTC0               
00000049  ADC10DTC1               
0000004a  ADC10AE0                
00000050  __STACK_SIZE            
00000053  BCSCTL3                 
00000056  DCOCTL                  
00000057  BCSCTL1                 
00000058  BCSCTL2                 
00000059  CACTL1                  
0000005a  CACTL2                  
0000005b  CAPD                    
0000005d  UCA0ABCTL               
0000005e  UCA0IRTCTL              
0000005f  UCA0IRRCTL              
00000060  UCA0CTL0                
00000061  UCA0CTL1                
00000062  UCA0BR0                 
00000063  UCA0BR1                 
00000064  UCA0MCTL                
00000065  UCA0STAT                
00000066  UCA0RXBUF               
00000067  UCA0TXBUF               
00000068  UCB0CTL0                
00000069  UCB0CTL1                
0000006a  UCB0BR0                 
0000006b  UCB0BR1                 
0000006c  UCB0I2CIE               
0000006d  UCB0STAT                
0000006e  UCB0RXBUF               
0000006f  UCB0TXBUF               
00000118  UCB0I2COA               
0000011a  UCB0I2CSA               
0000011e  TA1IV                   
00000120  WDTCTL                  
00000128  FCTL1                   
0000012a  FCTL2                   
0000012c  FCTL3                   
0000012e  TA0IV                   
00000160  TA0CTL                  
00000162  TA0CCTL0                
00000164  TA0CCTL1                
00000166  TA0CCTL2                
00000170  TA0R                    
00000172  TA0CCR0                 
00000174  TA0CCR1                 
00000176  TA0CCR2                 
00000180  TA1CTL                  
00000182  TA1CCTL0                
00000184  TA1CCTL1                
00000186  TA1CCTL2                
00000190  TA1R                    
00000192  TA1CCR0                 
00000194  TA1CCR1                 
00000196  TA1CCR2                 
000001b0  ADC10CTL0               
000001b2  ADC10CTL1               
000001b4  ADC10MEM                
000001bc  ADC10SA                 
00000200  RxPacket                
00000240  TxPacket                
00000280  uart_rcv_buf            
000002a0  nwk_header              
000002a2  dummy                   
000002a3  error                   
000002a4  packet_len              
000002a5  uart_buf_size           
000002a6  encryption_key          
000002b6  vcotune                 
000003b0  _stack                  
00000400  __STACK_END             
000010c0  TLV_CHECKSUM            
000010da  TLV_ADC10_1_TAG         
000010db  TLV_ADC10_1_LEN         
000010f6  TLV_DCO_30_TAG          
000010f7  TLV_DCO_30_LEN          
000010f8  CALDCO_16MHZ            
000010f9  CALBC1_16MHZ            
000010fa  CALDCO_12MHZ            
000010fb  CALBC1_12MHZ            
000010fc  CALDCO_8MHZ             
000010fd  CALBC1_8MHZ             
000010fe  CALDCO_1MHZ             
000010ff  CALBC1_1MHZ             
0000c000  aes_decr                
0000c624  aes_encr                
0000ca52  Radio_Init              
0000cc80  expandKey               
0000cdb6  Radio_Receive_Data      
0000cea8  Radio_Rx                
0000cf7c  main                    
0000d03e  Radio_Tx                
0000d0f8  cByteToHex              
0000d18a  Radio_Set_Channel       
0000d268  System_Set_Speed        
0000d2c8  SPI_Init                
0000d320  _auto_init              
0000d378  System_Init             
0000d3c8  Radio_Get_RSSI          
0000d408  UART0_Send_ByteToChar   
0000d446  Radio_Set_Mode          
0000d480  UART_Init               
0000d4b2  __mspabi_srai           
0000d4be  __mspabi_srai_15        
0000d4c0  __mspabi_srai_14        
0000d4c2  __mspabi_srai_13        
0000d4c4  __mspabi_srai_12        
0000d4c6  __mspabi_srai_11        
0000d4c8  __mspabi_srai_10        
0000d4ca  __mspabi_srai_9         
0000d4cc  __mspabi_srai_8         
0000d4ce  __mspabi_srai_7         
0000d4d0  __mspabi_srai_6         
0000d4d2  __mspabi_srai_5         
0000d4d4  __mspabi_srai_4         
0000d4d6  __mspabi_srai_3         
0000d4d8  __mspabi_srai_2         
0000d4da  __mspabi_srai_1         
0000d4de  __mspabi_slli           
0000d4ea  __mspabi_slli_15        
0000d4ec  __mspabi_slli_14        
0000d4ee  __mspabi_slli_13        
0000d4f0  __mspabi_slli_12        
0000d4f2  __mspabi_slli_11        
0000d4f4  __mspabi_slli_10        
0000d4f6  __mspabi_slli_9         
0000d4f8  __mspabi_slli_8         
0000d4fa  __mspabi_slli_7         
0000d4fc  __mspabi_slli_6         
0000d4fe  __mspabi_slli_5         
0000d500  __mspabi_slli_4         
0000d502  __mspabi_slli_3         
0000d504  __mspabi_slli_2         
0000d506  __mspabi_slli_1         
0000d50a  SPI_Conf_Read_Register  
0000d52c  _Add_Address_To_Packet  
0000d54e  Port_2                  
0000d56e  SPI_Conf_Write_Register 
0000d58c  Spi_Send                
0000d5aa  _Modify_Packet_Header   
0000d5c8  aes_decrypt             
0000d5e6  aes_encrypt             
0000d604  galois_mul2             
0000d620  SPI_Data_Write          
0000d63a  _c_int00_noargs_noexit  
0000d654  USCI0RX_ISR             
0000d66a  UART_Send_Byte          
0000d67e  __TI_zero_init          
0000d692  __mspabi_mpyi           
0000d692  __mspabi_mpyi_sw        
0000d6a6  Radio_Set_TxPower       
0000d6b8  UART_Send_Data          
0000d6ca  __TI_decompress_none    
0000d6dc  memcpy                  
0000d6ee  SPI_Data_Read           
0000d6fe  __mspabi_func_epilog_7  
0000d700  __mspabi_func_epilog_6  
0000d702  __mspabi_func_epilog_5  
0000d704  __mspabi_func_epilog_4  
0000d706  __mspabi_func_epilog_3  
0000d708  __mspabi_func_epilog_2  
0000d70a  __mspabi_func_epilog_1  
0000d70e  Payload_Decrypt         
0000d71a  Payload_Encrypt         
0000d726  __TI_ISR_TRAP           
0000d72c  __TI_decompress_rle24   
0000d732  _system_pre_init        
0000d736  C$$EXIT                 
0000d736  abort                   
0000d73a  rsbox                   
0000d83a  sbox                    
0000da8a  P_VALUE_CH_             
0000daa0  R_VALUE_CH_             
0000dab6  S_VALUE_CH_             
0000dacc  Rcon                    
0000daee  __TI_Handler_Table_Base 
0000daf4  __TI_Handler_Table_Limit
0000daf8  __TI_CINIT_Base         
0000db00  __TI_CINIT_Limit        
0000ffe4  __TI_int02              
0000ffe6  __TI_int03              
0000ffea  __TI_int05              
0000ffec  __TI_int06              
0000ffee  __TI_int07              
0000fff0  __TI_int08              
0000fff2  __TI_int09              
0000fff4  __TI_int10              
0000fff6  __TI_int11              
0000fff8  __TI_int12              
0000fffa  __TI_int13              
0000fffc  __TI_int14              
0000fffe  _reset_vector           
ffffffff  __binit__               
ffffffff  __c_args__              
ffffffff  binit                   
UNDEFED   __TI_INITARRAY_Base     
UNDEFED   __TI_INITARRAY_Limit    

[224 symbols]
