<?xml version="1.0"?>
<link_info>
   <banner>MSP430 Linker PC v4.4.3</banner>
   <copyright>Copyright (c) 2003-2015 Texas Instruments Incorporated</copyright>
   <link_time>0x56177dcd</link_time>
   <link_errors>0x0</link_errors>
   <output_file>MSP430_Launchpad_MRF89XA_Example_Project.out</output_file>
   <entry_point>
      <name>_c_int00_noargs_noexit</name>
      <address>0xd63a</address>
   </entry_point>
   <input_file_list>
      <input_file id="fl-2">
         <path>.\</path>
         <kind>object</kind>
         <file>main_nwk.obj</file>
         <name>main_nwk.obj</name>
      </input_file>
      <input_file id="fl-3">
         <path>.\NWK\</path>
         <kind>object</kind>
         <file>aes.obj</file>
         <name>aes.obj</name>
      </input_file>
      <input_file id="fl-4">
         <path>.\NWK\</path>
         <kind>object</kind>
         <file>nwk_radio.obj</file>
         <name>nwk_radio.obj</name>
      </input_file>
      <input_file id="fl-5">
         <path>.\NWK\</path>
         <kind>object</kind>
         <file>nwk_security.obj</file>
         <name>nwk_security.obj</name>
      </input_file>
      <input_file id="fl-6">
         <path>.\LNK\</path>
         <kind>object</kind>
         <file>radio.obj</file>
         <name>radio.obj</name>
      </input_file>
      <input_file id="fl-7">
         <path>.\Drivers\</path>
         <kind>object</kind>
         <file>system.obj</file>
         <name>system.obj</name>
      </input_file>
      <input_file id="fl-8">
         <path>.\Drivers\Communication\</path>
         <kind>object</kind>
         <file>spi.obj</file>
         <name>spi.obj</name>
      </input_file>
      <input_file id="fl-9">
         <path>.\Drivers\Communication\</path>
         <kind>object</kind>
         <file>uart.obj</file>
         <name>uart.obj</name>
      </input_file>
      <input_file id="fl-38">
         <path>C:\ti\ccsv6\tools\compiler\ti-cgt-msp430_4.4.3\lib\</path>
         <kind>archive</kind>
         <file>rts430_eabi.lib</file>
         <name>asr16.obj</name>
      </input_file>
      <input_file id="fl-39">
         <path>C:\ti\ccsv6\tools\compiler\ti-cgt-msp430_4.4.3\lib\</path>
         <kind>archive</kind>
         <file>rts430_eabi.lib</file>
         <name>boot.obj</name>
      </input_file>
      <input_file id="fl-3a">
         <path>C:\ti\ccsv6\tools\compiler\ti-cgt-msp430_4.4.3\lib\</path>
         <kind>archive</kind>
         <file>rts430_eabi.lib</file>
         <name>boot_special.obj</name>
      </input_file>
      <input_file id="fl-3b">
         <path>C:\ti\ccsv6\tools\compiler\ti-cgt-msp430_4.4.3\lib\</path>
         <kind>archive</kind>
         <file>rts430_eabi.lib</file>
         <name>copy_decompress_none.obj</name>
      </input_file>
      <input_file id="fl-3c">
         <path>C:\ti\ccsv6\tools\compiler\ti-cgt-msp430_4.4.3\lib\</path>
         <kind>archive</kind>
         <file>rts430_eabi.lib</file>
         <name>copy_decompress_rle.obj</name>
      </input_file>
      <input_file id="fl-3d">
         <path>C:\ti\ccsv6\tools\compiler\ti-cgt-msp430_4.4.3\lib\</path>
         <kind>archive</kind>
         <file>rts430_eabi.lib</file>
         <name>copy_zero_init.obj</name>
      </input_file>
      <input_file id="fl-3e">
         <path>C:\ti\ccsv6\tools\compiler\ti-cgt-msp430_4.4.3\lib\</path>
         <kind>archive</kind>
         <file>rts430_eabi.lib</file>
         <name>epilog.obj</name>
      </input_file>
      <input_file id="fl-3f">
         <path>C:\ti\ccsv6\tools\compiler\ti-cgt-msp430_4.4.3\lib\</path>
         <kind>archive</kind>
         <file>rts430_eabi.lib</file>
         <name>exit.obj</name>
      </input_file>
      <input_file id="fl-40">
         <path>C:\ti\ccsv6\tools\compiler\ti-cgt-msp430_4.4.3\lib\</path>
         <kind>archive</kind>
         <file>rts430_eabi.lib</file>
         <name>int02.obj</name>
      </input_file>
      <input_file id="fl-41">
         <path>C:\ti\ccsv6\tools\compiler\ti-cgt-msp430_4.4.3\lib\</path>
         <kind>archive</kind>
         <file>rts430_eabi.lib</file>
         <name>int05.obj</name>
      </input_file>
      <input_file id="fl-42">
         <path>C:\ti\ccsv6\tools\compiler\ti-cgt-msp430_4.4.3\lib\</path>
         <kind>archive</kind>
         <file>rts430_eabi.lib</file>
         <name>int06.obj</name>
      </input_file>
      <input_file id="fl-43">
         <path>C:\ti\ccsv6\tools\compiler\ti-cgt-msp430_4.4.3\lib\</path>
         <kind>archive</kind>
         <file>rts430_eabi.lib</file>
         <name>int08.obj</name>
      </input_file>
      <input_file id="fl-44">
         <path>C:\ti\ccsv6\tools\compiler\ti-cgt-msp430_4.4.3\lib\</path>
         <kind>archive</kind>
         <file>rts430_eabi.lib</file>
         <name>int09.obj</name>
      </input_file>
      <input_file id="fl-45">
         <path>C:\ti\ccsv6\tools\compiler\ti-cgt-msp430_4.4.3\lib\</path>
         <kind>archive</kind>
         <file>rts430_eabi.lib</file>
         <name>int10.obj</name>
      </input_file>
      <input_file id="fl-46">
         <path>C:\ti\ccsv6\tools\compiler\ti-cgt-msp430_4.4.3\lib\</path>
         <kind>archive</kind>
         <file>rts430_eabi.lib</file>
         <name>int11.obj</name>
      </input_file>
      <input_file id="fl-47">
         <path>C:\ti\ccsv6\tools\compiler\ti-cgt-msp430_4.4.3\lib\</path>
         <kind>archive</kind>
         <file>rts430_eabi.lib</file>
         <name>int12.obj</name>
      </input_file>
      <input_file id="fl-48">
         <path>C:\ti\ccsv6\tools\compiler\ti-cgt-msp430_4.4.3\lib\</path>
         <kind>archive</kind>
         <file>rts430_eabi.lib</file>
         <name>int13.obj</name>
      </input_file>
      <input_file id="fl-49">
         <path>C:\ti\ccsv6\tools\compiler\ti-cgt-msp430_4.4.3\lib\</path>
         <kind>archive</kind>
         <file>rts430_eabi.lib</file>
         <name>int14.obj</name>
      </input_file>
      <input_file id="fl-4a">
         <path>C:\ti\ccsv6\tools\compiler\ti-cgt-msp430_4.4.3\lib\</path>
         <kind>archive</kind>
         <file>rts430_eabi.lib</file>
         <name>isr_trap.obj</name>
      </input_file>
      <input_file id="fl-4b">
         <path>C:\ti\ccsv6\tools\compiler\ti-cgt-msp430_4.4.3\lib\</path>
         <kind>archive</kind>
         <file>rts430_eabi.lib</file>
         <name>lsl16.obj</name>
      </input_file>
      <input_file id="fl-4c">
         <path>C:\ti\ccsv6\tools\compiler\ti-cgt-msp430_4.4.3\lib\</path>
         <kind>archive</kind>
         <file>rts430_eabi.lib</file>
         <name>memcpy.obj</name>
      </input_file>
      <input_file id="fl-4d">
         <path>C:\ti\ccsv6\tools\compiler\ti-cgt-msp430_4.4.3\lib\</path>
         <kind>archive</kind>
         <file>rts430_eabi.lib</file>
         <name>mpu_init.obj</name>
      </input_file>
      <input_file id="fl-4e">
         <path>C:\ti\ccsv6\tools\compiler\ti-cgt-msp430_4.4.3\lib\</path>
         <kind>archive</kind>
         <file>rts430_eabi.lib</file>
         <name>mult16.obj</name>
      </input_file>
      <input_file id="fl-4f">
         <path>C:\ti\ccsv6\tools\compiler\ti-cgt-msp430_4.4.3\lib\</path>
         <kind>archive</kind>
         <file>rts430_eabi.lib</file>
         <name>pre_init.obj</name>
      </input_file>
      <input_file id="fl-50">
         <path>C:\ti\ccsv6\tools\compiler\ti-cgt-msp430_4.4.3\lib\</path>
         <kind>archive</kind>
         <file>rts430_eabi.lib</file>
         <name>_lock.obj</name>
      </input_file>
      <input_file id="fl-51">
         <path>C:\ti\ccsv6\tools\compiler\ti-cgt-msp430_4.4.3\lib\</path>
         <kind>archive</kind>
         <file>rts430_eabi.lib</file>
         <name>args_main.obj</name>
      </input_file>
      <input_file id="fl-52">
         <path>C:\ti\ccsv6\tools\compiler\ti-cgt-msp430_4.4.3\lib\</path>
         <kind>archive</kind>
         <file>rts430_eabi.lib</file>
         <name>autoinit.obj</name>
      </input_file>
   </input_file_list>
   <object_component_list>
      <object_component id="oc-89">
         <name>.stack</name>
         <uninitialized>true</uninitialized>
         <run_address>0x3b0</run_address>
         <size>0x2</size>
         <input_file_ref idref="fl-39"/>
      </object_component>
      <object_component id="oc-2ce">
         <name>.stack</name>
         <uninitialized>true</uninitialized>
         <run_address>0x3b0</run_address>
         <size>0x0</size>
      </object_component>
      <object_component id="oc-260">
         <name>.text:aes_decr</name>
         <load_address>0xc000</load_address>
         <run_address>0xc000</run_address>
         <size>0x624</size>
         <input_file_ref idref="fl-3"/>
      </object_component>
      <object_component id="oc-26a">
         <name>.text:aes_encr</name>
         <load_address>0xc624</load_address>
         <run_address>0xc624</run_address>
         <size>0x42e</size>
         <input_file_ref idref="fl-3"/>
      </object_component>
      <object_component id="oc-143">
         <name>.text:Radio_Init</name>
         <load_address>0xca52</load_address>
         <run_address>0xca52</run_address>
         <size>0x22e</size>
         <input_file_ref idref="fl-6"/>
      </object_component>
      <object_component id="oc-25a">
         <name>.text:expandKey</name>
         <load_address>0xcc80</load_address>
         <run_address>0xcc80</run_address>
         <size>0x136</size>
         <input_file_ref idref="fl-3"/>
      </object_component>
      <object_component id="oc-150">
         <name>.text:Radio_Receive_Data</name>
         <load_address>0xcdb6</load_address>
         <run_address>0xcdb6</run_address>
         <size>0xf2</size>
         <input_file_ref idref="fl-4"/>
      </object_component>
      <object_component id="oc-1d6">
         <name>.text:Radio_Rx</name>
         <load_address>0xcea8</load_address>
         <run_address>0xcea8</run_address>
         <size>0xd4</size>
         <input_file_ref idref="fl-6"/>
      </object_component>
      <object_component id="oc-df">
         <name>.text:main</name>
         <load_address>0xcf7c</load_address>
         <run_address>0xcf7c</run_address>
         <size>0xc2</size>
         <input_file_ref idref="fl-2"/>
      </object_component>
      <object_component id="oc-1f1">
         <name>.text:Radio_Tx</name>
         <load_address>0xd03e</load_address>
         <run_address>0xd03e</run_address>
         <size>0xba</size>
         <input_file_ref idref="fl-6"/>
      </object_component>
      <object_component id="oc-1fe">
         <name>.text:cByteToHex</name>
         <load_address>0xd0f8</load_address>
         <run_address>0xd0f8</run_address>
         <size>0x92</size>
         <input_file_ref idref="fl-7"/>
      </object_component>
      <object_component id="oc-1a8">
         <name>.text:Radio_Set_Channel</name>
         <load_address>0xd18a</load_address>
         <run_address>0xd18a</run_address>
         <size>0x7a</size>
         <input_file_ref idref="fl-6"/>
      </object_component>
      <object_component id="oc-9a">
         <name>.text:__TI_decompress_rle_core</name>
         <load_address>0xd204</load_address>
         <run_address>0xd204</run_address>
         <size>0x64</size>
         <input_file_ref idref="fl-3c"/>
      </object_component>
      <object_component id="oc-196">
         <name>.text:System_Set_Speed</name>
         <load_address>0xd268</load_address>
         <run_address>0xd268</run_address>
         <size>0x60</size>
         <input_file_ref idref="fl-7"/>
      </object_component>
      <object_component id="oc-1a2">
         <name>.text:SPI_Init</name>
         <load_address>0xd2c8</load_address>
         <run_address>0xd2c8</run_address>
         <size>0x58</size>
         <input_file_ref idref="fl-8"/>
      </object_component>
      <object_component id="oc-c5">
         <name>.text:_auto_init</name>
         <load_address>0xd320</load_address>
         <run_address>0xd320</run_address>
         <size>0x58</size>
         <input_file_ref idref="fl-52"/>
      </object_component>
      <object_component id="oc-136">
         <name>.text:System_Init</name>
         <load_address>0xd378</load_address>
         <run_address>0xd378</run_address>
         <size>0x50</size>
         <input_file_ref idref="fl-7"/>
      </object_component>
      <object_component id="oc-15c">
         <name>.text:Radio_Get_RSSI</name>
         <load_address>0xd3c8</load_address>
         <run_address>0xd3c8</run_address>
         <size>0x40</size>
         <input_file_ref idref="fl-6"/>
      </object_component>
      <object_component id="oc-156">
         <name>.text:UART0_Send_ByteToChar</name>
         <load_address>0xd408</load_address>
         <run_address>0xd408</run_address>
         <size>0x3e</size>
         <input_file_ref idref="fl-9"/>
      </object_component>
      <object_component id="oc-14a">
         <name>.text:Radio_Set_Mode</name>
         <load_address>0xd446</load_address>
         <run_address>0xd446</run_address>
         <size>0x3a</size>
         <input_file_ref idref="fl-6"/>
      </object_component>
      <object_component id="oc-19c">
         <name>.text:UART_Init</name>
         <load_address>0xd480</load_address>
         <run_address>0xd480</run_address>
         <size>0x32</size>
         <input_file_ref idref="fl-9"/>
      </object_component>
      <object_component id="oc-1f9">
         <name>.text</name>
         <load_address>0xd4b2</load_address>
         <run_address>0xd4b2</run_address>
         <size>0x2c</size>
         <input_file_ref idref="fl-38"/>
      </object_component>
      <object_component id="oc-273">
         <name>.text</name>
         <load_address>0xd4de</load_address>
         <run_address>0xd4de</run_address>
         <size>0x2c</size>
         <input_file_ref idref="fl-4b"/>
      </object_component>
      <object_component id="oc-1ce">
         <name>.text:SPI_Conf_Read_Register</name>
         <load_address>0xd50a</load_address>
         <run_address>0xd50a</run_address>
         <size>0x22</size>
         <input_file_ref idref="fl-8"/>
      </object_component>
      <object_component id="oc-244">
         <name>.text:_Add_Address_To_Packet</name>
         <load_address>0xd52c</load_address>
         <run_address>0xd52c</run_address>
         <size>0x22</size>
         <input_file_ref idref="fl-6"/>
      </object_component>
      <object_component id="oc-ac">
         <name>.text:Port_2</name>
         <load_address>0xd54e</load_address>
         <run_address>0xd54e</run_address>
         <size>0x20</size>
         <input_file_ref idref="fl-7"/>
      </object_component>
      <object_component id="oc-1b6">
         <name>.text:SPI_Conf_Write_Register</name>
         <load_address>0xd56e</load_address>
         <run_address>0xd56e</run_address>
         <size>0x1e</size>
         <input_file_ref idref="fl-8"/>
      </object_component>
      <object_component id="oc-210">
         <name>.text:Spi_Send</name>
         <load_address>0xd58c</load_address>
         <run_address>0xd58c</run_address>
         <size>0x1e</size>
         <input_file_ref idref="fl-8"/>
      </object_component>
      <object_component id="oc-1e5">
         <name>.text:_Modify_Packet_Header</name>
         <load_address>0xd5aa</load_address>
         <run_address>0xd5aa</run_address>
         <size>0x1e</size>
         <input_file_ref idref="fl-4"/>
      </object_component>
      <object_component id="oc-234">
         <name>.text:aes_decrypt</name>
         <load_address>0xd5c8</load_address>
         <run_address>0xd5c8</run_address>
         <size>0x1e</size>
         <input_file_ref idref="fl-3"/>
      </object_component>
      <object_component id="oc-23d">
         <name>.text:aes_encrypt</name>
         <load_address>0xd5e6</load_address>
         <run_address>0xd5e6</run_address>
         <size>0x1e</size>
         <input_file_ref idref="fl-3"/>
      </object_component>
      <object_component id="oc-282">
         <name>.text:galois_mul2</name>
         <load_address>0xd604</load_address>
         <run_address>0xd604</run_address>
         <size>0x1c</size>
         <input_file_ref idref="fl-3"/>
      </object_component>
      <object_component id="oc-24a">
         <name>.text:SPI_Data_Write</name>
         <load_address>0xd620</load_address>
         <run_address>0xd620</run_address>
         <size>0x1a</size>
         <input_file_ref idref="fl-8"/>
      </object_component>
      <object_component id="oc-65">
         <name>.text:_c_int00_noargs_noexit</name>
         <load_address>0xd63a</load_address>
         <run_address>0xd63a</run_address>
         <size>0x1a</size>
         <input_file_ref idref="fl-3a"/>
      </object_component>
      <object_component id="oc-b2">
         <name>.text:USCI0RX_ISR</name>
         <load_address>0xd654</load_address>
         <run_address>0xd654</run_address>
         <size>0x16</size>
         <input_file_ref idref="fl-9"/>
      </object_component>
      <object_component id="oc-1af">
         <name>.text:UART_Send_Byte</name>
         <load_address>0xd66a</load_address>
         <run_address>0xd66a</run_address>
         <size>0x14</size>
         <input_file_ref idref="fl-9"/>
      </object_component>
      <object_component id="oc-47">
         <name>.text:decompress:ZI:__TI_zero_init</name>
         <load_address>0xd67e</load_address>
         <run_address>0xd67e</run_address>
         <size>0x14</size>
         <input_file_ref idref="fl-3d"/>
      </object_component>
      <object_component id="oc-224">
         <name>.text</name>
         <load_address>0xd692</load_address>
         <run_address>0xd692</run_address>
         <size>0x14</size>
         <input_file_ref idref="fl-4e"/>
      </object_component>
      <object_component id="oc-1c5">
         <name>.text:Radio_Set_TxPower</name>
         <load_address>0xd6a6</load_address>
         <run_address>0xd6a6</run_address>
         <size>0x12</size>
         <input_file_ref idref="fl-6"/>
      </object_component>
      <object_component id="oc-13d">
         <name>.text:UART_Send_Data</name>
         <load_address>0xd6b8</load_address>
         <run_address>0xd6b8</run_address>
         <size>0x12</size>
         <input_file_ref idref="fl-9"/>
      </object_component>
      <object_component id="oc-2f">
         <name>.text:decompress:none:__TI_decompress_none</name>
         <load_address>0xd6ca</load_address>
         <run_address>0xd6ca</run_address>
         <size>0x12</size>
         <input_file_ref idref="fl-3b"/>
      </object_component>
      <object_component id="oc-8d">
         <name>.text:memcpy</name>
         <load_address>0xd6dc</load_address>
         <run_address>0xd6dc</run_address>
         <size>0x12</size>
         <input_file_ref idref="fl-4c"/>
      </object_component>
      <object_component id="oc-22a">
         <name>.text:SPI_Data_Read</name>
         <load_address>0xd6ee</load_address>
         <run_address>0xd6ee</run_address>
         <size>0x10</size>
         <input_file_ref idref="fl-8"/>
      </object_component>
      <object_component id="oc-108">
         <name>.text</name>
         <load_address>0xd6fe</load_address>
         <run_address>0xd6fe</run_address>
         <size>0x10</size>
         <input_file_ref idref="fl-3e"/>
      </object_component>
      <object_component id="oc-1dc">
         <name>.text:Payload_Decrypt</name>
         <load_address>0xd70e</load_address>
         <run_address>0xd70e</run_address>
         <size>0xc</size>
         <input_file_ref idref="fl-5"/>
      </object_component>
      <object_component id="oc-1eb">
         <name>.text:Payload_Encrypt</name>
         <load_address>0xd71a</load_address>
         <run_address>0xd71a</run_address>
         <size>0xc</size>
         <input_file_ref idref="fl-5"/>
      </object_component>
      <object_component id="oc-a7">
         <name>.text:_isr:__TI_ISR_TRAP</name>
         <load_address>0xd726</load_address>
         <run_address>0xd726</run_address>
         <size>0x6</size>
         <input_file_ref idref="fl-4a"/>
      </object_component>
      <object_component id="oc-35">
         <name>.text:decompress:rle24:__TI_decompress_rle24</name>
         <load_address>0xd72c</load_address>
         <run_address>0xd72c</run_address>
         <size>0x6</size>
         <input_file_ref idref="fl-3c"/>
      </object_component>
      <object_component id="oc-bf">
         <name>.text:_system_pre_init</name>
         <load_address>0xd732</load_address>
         <run_address>0xd732</run_address>
         <size>0x4</size>
         <input_file_ref idref="fl-4f"/>
      </object_component>
      <object_component id="oc-e7">
         <name>.text:abort</name>
         <load_address>0xd736</load_address>
         <run_address>0xd736</run_address>
         <size>0x4</size>
         <input_file_ref idref="fl-3f"/>
      </object_component>
      <object_component id="oc-2cd">
         <name>.cinit..data.load</name>
         <load_address>0xdad8</load_address>
         <run_address>0xdad8</run_address>
         <size>0x15</size>
      </object_component>
      <object_component id="oc-2ca">
         <name>__TI_handler_table</name>
         <load_address>0xdaee</load_address>
         <run_address>0xdaee</run_address>
         <size>0x6</size>
      </object_component>
      <object_component id="oc-2cc">
         <name>.cinit..bss.load</name>
         <load_address>0xdaf4</load_address>
         <run_address>0xdaf4</run_address>
         <size>0x4</size>
      </object_component>
      <object_component id="oc-2cb">
         <name>__TI_cinit_table</name>
         <load_address>0xdaf8</load_address>
         <run_address>0xdaf8</run_address>
         <size>0x8</size>
      </object_component>
      <object_component id="oc-27f">
         <name>.const:.string:rsbox</name>
         <load_address>0xd73a</load_address>
         <run_address>0xd73a</run_address>
         <size>0x100</size>
         <input_file_ref idref="fl-3"/>
      </object_component>
      <object_component id="oc-278">
         <name>.const:.string:sbox</name>
         <load_address>0xd83a</load_address>
         <run_address>0xd83a</run_address>
         <size>0x100</size>
         <input_file_ref idref="fl-3"/>
      </object_component>
      <object_component id="oc-229">
         <name>.const:.string</name>
         <load_address>0xd93a</load_address>
         <run_address>0xd93a</run_address>
         <size>0xa0</size>
         <input_file_ref idref="fl-6"/>
      </object_component>
      <object_component id="oc-1f7">
         <name>.const:.string</name>
         <load_address>0xd9da</load_address>
         <run_address>0xd9da</run_address>
         <size>0x70</size>
         <input_file_ref idref="fl-4"/>
      </object_component>
      <object_component id="oc-13c">
         <name>.const:.string</name>
         <load_address>0xda4a</load_address>
         <run_address>0xda4a</run_address>
         <size>0x40</size>
         <input_file_ref idref="fl-2"/>
      </object_component>
      <object_component id="oc-1bf">
         <name>.const:.string:P_VALUE_CH_</name>
         <load_address>0xda8a</load_address>
         <run_address>0xda8a</run_address>
         <size>0x15</size>
         <input_file_ref idref="fl-6"/>
      </object_component>
      <object_component id="oc-1bc">
         <name>.const:.string:R_VALUE_CH_</name>
         <load_address>0xdaa0</load_address>
         <run_address>0xdaa0</run_address>
         <size>0x15</size>
         <input_file_ref idref="fl-6"/>
      </object_component>
      <object_component id="oc-1c2">
         <name>.const:.string:S_VALUE_CH_</name>
         <load_address>0xdab6</load_address>
         <run_address>0xdab6</run_address>
         <size>0x15</size>
         <input_file_ref idref="fl-6"/>
      </object_component>
      <object_component id="oc-27b">
         <name>.const:.string:Rcon</name>
         <load_address>0xdacc</load_address>
         <run_address>0xdacc</run_address>
         <size>0xb</size>
         <input_file_ref idref="fl-3"/>
      </object_component>
      <object_component id="oc-3b">
         <name>.int02</name>
         <load_address>0xffe4</load_address>
         <run_address>0xffe4</run_address>
         <size>0x2</size>
         <input_file_ref idref="fl-40"/>
      </object_component>
      <object_component id="oc-3c">
         <name>.int03</name>
         <load_address>0xffe6</load_address>
         <run_address>0xffe6</run_address>
         <size>0x2</size>
         <input_file_ref idref="fl-7"/>
      </object_component>
      <object_component id="oc-3d">
         <name>.int05</name>
         <load_address>0xffea</load_address>
         <run_address>0xffea</run_address>
         <size>0x2</size>
         <input_file_ref idref="fl-41"/>
      </object_component>
      <object_component id="oc-3e">
         <name>.int06</name>
         <load_address>0xffec</load_address>
         <run_address>0xffec</run_address>
         <size>0x2</size>
         <input_file_ref idref="fl-42"/>
      </object_component>
      <object_component id="oc-3f">
         <name>.int07</name>
         <load_address>0xffee</load_address>
         <run_address>0xffee</run_address>
         <size>0x2</size>
         <input_file_ref idref="fl-9"/>
      </object_component>
      <object_component id="oc-40">
         <name>.int08</name>
         <load_address>0xfff0</load_address>
         <run_address>0xfff0</run_address>
         <size>0x2</size>
         <input_file_ref idref="fl-43"/>
      </object_component>
      <object_component id="oc-41">
         <name>.int09</name>
         <load_address>0xfff2</load_address>
         <run_address>0xfff2</run_address>
         <size>0x2</size>
         <input_file_ref idref="fl-44"/>
      </object_component>
      <object_component id="oc-42">
         <name>.int10</name>
         <load_address>0xfff4</load_address>
         <run_address>0xfff4</run_address>
         <size>0x2</size>
         <input_file_ref idref="fl-45"/>
      </object_component>
      <object_component id="oc-43">
         <name>.int11</name>
         <load_address>0xfff6</load_address>
         <run_address>0xfff6</run_address>
         <size>0x2</size>
         <input_file_ref idref="fl-46"/>
      </object_component>
      <object_component id="oc-44">
         <name>.int12</name>
         <load_address>0xfff8</load_address>
         <run_address>0xfff8</run_address>
         <size>0x2</size>
         <input_file_ref idref="fl-47"/>
      </object_component>
      <object_component id="oc-45">
         <name>.int13</name>
         <load_address>0xfffa</load_address>
         <run_address>0xfffa</run_address>
         <size>0x2</size>
         <input_file_ref idref="fl-48"/>
      </object_component>
      <object_component id="oc-46">
         <name>.int14</name>
         <load_address>0xfffc</load_address>
         <run_address>0xfffc</run_address>
         <size>0x2</size>
         <input_file_ref idref="fl-49"/>
      </object_component>
      <object_component id="oc-8c">
         <name>.reset</name>
         <load_address>0xfffe</load_address>
         <run_address>0xfffe</run_address>
         <size>0x2</size>
         <input_file_ref idref="fl-39"/>
      </object_component>
      <object_component id="oc-112">
         <name>.common:uart_buf_size</name>
         <uninitialized>true</uninitialized>
         <run_address>0x2a5</run_address>
         <size>0x1</size>
      </object_component>
      <object_component id="oc-11d">
         <name>.common:uart_rcv_buf</name>
         <uninitialized>true</uninitialized>
         <run_address>0x280</run_address>
         <size>0x20</size>
      </object_component>
      <object_component id="oc-1e2">
         <name>.common:TxPacket</name>
         <uninitialized>true</uninitialized>
         <run_address>0x240</run_address>
         <size>0x40</size>
      </object_component>
      <object_component id="oc-149">
         <name>.common:RxPacket</name>
         <uninitialized>true</uninitialized>
         <run_address>0x200</run_address>
         <size>0x40</size>
      </object_component>
      <object_component id="oc-1e3">
         <name>.common:packet_len</name>
         <uninitialized>true</uninitialized>
         <run_address>0x2a4</run_address>
         <size>0x1</size>
      </object_component>
      <object_component id="oc-135">
         <name>.common:error</name>
         <uninitialized>true</uninitialized>
         <run_address>0x2a3</run_address>
         <size>0x1</size>
      </object_component>
      <object_component id="oc-1e4">
         <name>.common:nwk_header</name>
         <uninitialized>true</uninitialized>
         <run_address>0x2a0</run_address>
         <size>0x2</size>
      </object_component>
      <object_component id="oc-216">
         <name>.common:dummy</name>
         <uninitialized>true</uninitialized>
         <run_address>0x2a2</run_address>
         <size>0x1</size>
      </object_component>
      <object_component id="oc-231">
         <name>.data:encryption_key</name>
         <load_address>0x2a6</load_address>
         <run_address>0x2a6</run_address>
         <size>0x10</size>
         <input_file_ref idref="fl-5"/>
      </object_component>
      <object_component id="oc-1cb">
         <name>.data</name>
         <load_address>0x2b6</load_address>
         <run_address>0x2b6</run_address>
         <size>0x1</size>
         <input_file_ref idref="fl-6"/>
      </object_component>
      <object_component id="oc-113">
         <name>.debug_info</name>
         <load_address>0x0</load_address>
         <run_address>0x0</run_address>
         <size>0x4d1</size>
         <input_file_ref idref="fl-2"/>
      </object_component>
      <object_component id="oc-e0">
         <name>.debug_info</name>
         <load_address>0x4d1</load_address>
         <run_address>0x4d1</run_address>
         <size>0x26a</size>
         <input_file_ref idref="fl-2"/>
      </object_component>
      <object_component id="oc-f5">
         <name>.debug_info</name>
         <load_address>0x73b</load_address>
         <run_address>0x73b</run_address>
         <size>0x84</size>
         <input_file_ref idref="fl-2"/>
      </object_component>
      <object_component id="oc-163">
         <name>.debug_info</name>
         <load_address>0x7bf</load_address>
         <run_address>0x7bf</run_address>
         <size>0x6d</size>
         <input_file_ref idref="fl-2"/>
      </object_component>
      <object_component id="oc-267">
         <name>.debug_info</name>
         <load_address>0x82c</load_address>
         <run_address>0x82c</run_address>
         <size>0x178</size>
         <input_file_ref idref="fl-3"/>
      </object_component>
      <object_component id="oc-279">
         <name>.debug_info</name>
         <load_address>0x9a4</load_address>
         <run_address>0x9a4</run_address>
         <size>0xde</size>
         <input_file_ref idref="fl-3"/>
      </object_component>
      <object_component id="oc-280">
         <name>.debug_info</name>
         <load_address>0xa82</load_address>
         <run_address>0xa82</run_address>
         <size>0xe0</size>
         <input_file_ref idref="fl-3"/>
      </object_component>
      <object_component id="oc-27c">
         <name>.debug_info</name>
         <load_address>0xb62</load_address>
         <run_address>0xb62</run_address>
         <size>0xde</size>
         <input_file_ref idref="fl-3"/>
      </object_component>
      <object_component id="oc-25b">
         <name>.debug_info</name>
         <load_address>0xc40</load_address>
         <run_address>0xc40</run_address>
         <size>0x1a8</size>
         <input_file_ref idref="fl-3"/>
      </object_component>
      <object_component id="oc-283">
         <name>.debug_info</name>
         <load_address>0xde8</load_address>
         <run_address>0xde8</run_address>
         <size>0x15c</size>
         <input_file_ref idref="fl-3"/>
      </object_component>
      <object_component id="oc-26b">
         <name>.debug_info</name>
         <load_address>0xf44</load_address>
         <run_address>0xf44</run_address>
         <size>0x2fc</size>
         <input_file_ref idref="fl-3"/>
      </object_component>
      <object_component id="oc-261">
         <name>.debug_info</name>
         <load_address>0x1240</load_address>
         <run_address>0x1240</run_address>
         <size>0x407</size>
         <input_file_ref idref="fl-3"/>
      </object_component>
      <object_component id="oc-23e">
         <name>.debug_info</name>
         <load_address>0x1647</load_address>
         <run_address>0x1647</run_address>
         <size>0x193</size>
         <input_file_ref idref="fl-3"/>
      </object_component>
      <object_component id="oc-235">
         <name>.debug_info</name>
         <load_address>0x17da</load_address>
         <run_address>0x17da</run_address>
         <size>0x193</size>
         <input_file_ref idref="fl-3"/>
      </object_component>
      <object_component id="oc-115">
         <name>.debug_info</name>
         <load_address>0x196d</load_address>
         <run_address>0x196d</run_address>
         <size>0x452</size>
         <input_file_ref idref="fl-4"/>
      </object_component>
      <object_component id="oc-151">
         <name>.debug_info</name>
         <load_address>0x1dbf</load_address>
         <run_address>0x1dbf</run_address>
         <size>0x2e8</size>
         <input_file_ref idref="fl-4"/>
      </object_component>
      <object_component id="oc-1e6">
         <name>.debug_info</name>
         <load_address>0x20a7</load_address>
         <run_address>0x20a7</run_address>
         <size>0x1ef</size>
         <input_file_ref idref="fl-4"/>
      </object_component>
      <object_component id="oc-23b">
         <name>.debug_info</name>
         <load_address>0x2296</load_address>
         <run_address>0x2296</run_address>
         <size>0x1e8</size>
         <input_file_ref idref="fl-5"/>
      </object_component>
      <object_component id="oc-232">
         <name>.debug_info</name>
         <load_address>0x247e</load_address>
         <run_address>0x247e</run_address>
         <size>0xfb</size>
         <input_file_ref idref="fl-5"/>
      </object_component>
      <object_component id="oc-1ec">
         <name>.debug_info</name>
         <load_address>0x2579</load_address>
         <run_address>0x2579</run_address>
         <size>0x164</size>
         <input_file_ref idref="fl-5"/>
      </object_component>
      <object_component id="oc-1dd">
         <name>.debug_info</name>
         <load_address>0x26dd</load_address>
         <run_address>0x26dd</run_address>
         <size>0x164</size>
         <input_file_ref idref="fl-5"/>
      </object_component>
      <object_component id="oc-117">
         <name>.debug_info</name>
         <load_address>0x2841</load_address>
         <run_address>0x2841</run_address>
         <size>0x499</size>
         <input_file_ref idref="fl-6"/>
      </object_component>
      <object_component id="oc-1cc">
         <name>.debug_info</name>
         <load_address>0x2cda</load_address>
         <run_address>0x2cda</run_address>
         <size>0xe6</size>
         <input_file_ref idref="fl-6"/>
      </object_component>
      <object_component id="oc-1c0">
         <name>.debug_info</name>
         <load_address>0x2dc0</load_address>
         <run_address>0x2dc0</run_address>
         <size>0xee</size>
         <input_file_ref idref="fl-6"/>
      </object_component>
      <object_component id="oc-1bd">
         <name>.debug_info</name>
         <load_address>0x2eae</load_address>
         <run_address>0x2eae</run_address>
         <size>0xee</size>
         <input_file_ref idref="fl-6"/>
      </object_component>
      <object_component id="oc-1c3">
         <name>.debug_info</name>
         <load_address>0x2f9c</load_address>
         <run_address>0x2f9c</run_address>
         <size>0xee</size>
         <input_file_ref idref="fl-6"/>
      </object_component>
      <object_component id="oc-144">
         <name>.debug_info</name>
         <load_address>0x308a</load_address>
         <run_address>0x308a</run_address>
         <size>0x5d4</size>
         <input_file_ref idref="fl-6"/>
      </object_component>
      <object_component id="oc-1f2">
         <name>.debug_info</name>
         <load_address>0x365e</load_address>
         <run_address>0x365e</run_address>
         <size>0x30d</size>
         <input_file_ref idref="fl-6"/>
      </object_component>
      <object_component id="oc-1d7">
         <name>.debug_info</name>
         <load_address>0x396b</load_address>
         <run_address>0x396b</run_address>
         <size>0x32b</size>
         <input_file_ref idref="fl-6"/>
      </object_component>
      <object_component id="oc-1a9">
         <name>.debug_info</name>
         <load_address>0x3c96</load_address>
         <run_address>0x3c96</run_address>
         <size>0x235</size>
         <input_file_ref idref="fl-6"/>
      </object_component>
      <object_component id="oc-1c6">
         <name>.debug_info</name>
         <load_address>0x3ecb</load_address>
         <run_address>0x3ecb</run_address>
         <size>0x179</size>
         <input_file_ref idref="fl-6"/>
      </object_component>
      <object_component id="oc-14b">
         <name>.debug_info</name>
         <load_address>0x4044</load_address>
         <run_address>0x4044</run_address>
         <size>0x1ab</size>
         <input_file_ref idref="fl-6"/>
      </object_component>
      <object_component id="oc-15d">
         <name>.debug_info</name>
         <load_address>0x41ef</load_address>
         <run_address>0x41ef</run_address>
         <size>0x1cf</size>
         <input_file_ref idref="fl-6"/>
      </object_component>
      <object_component id="oc-245">
         <name>.debug_info</name>
         <load_address>0x43be</load_address>
         <run_address>0x43be</run_address>
         <size>0x1e0</size>
         <input_file_ref idref="fl-6"/>
      </object_component>
      <object_component id="oc-119">
         <name>.debug_info</name>
         <load_address>0x459e</load_address>
         <run_address>0x459e</run_address>
         <size>0x57b</size>
         <input_file_ref idref="fl-7"/>
      </object_component>
      <object_component id="oc-137">
         <name>.debug_info</name>
         <load_address>0x4b19</load_address>
         <run_address>0x4b19</run_address>
         <size>0x1ba</size>
         <input_file_ref idref="fl-7"/>
      </object_component>
      <object_component id="oc-197">
         <name>.debug_info</name>
         <load_address>0x4cd3</load_address>
         <run_address>0x4cd3</run_address>
         <size>0x193</size>
         <input_file_ref idref="fl-7"/>
      </object_component>
      <object_component id="oc-1ff">
         <name>.debug_info</name>
         <load_address>0x4e66</load_address>
         <run_address>0x4e66</run_address>
         <size>0x16e</size>
         <input_file_ref idref="fl-7"/>
      </object_component>
      <object_component id="oc-ad">
         <name>.debug_info</name>
         <load_address>0x4fd4</load_address>
         <run_address>0x4fd4</run_address>
         <size>0x128</size>
         <input_file_ref idref="fl-7"/>
      </object_component>
      <object_component id="oc-217">
         <name>.debug_info</name>
         <load_address>0x50fc</load_address>
         <run_address>0x50fc</run_address>
         <size>0x308</size>
         <input_file_ref idref="fl-8"/>
      </object_component>
      <object_component id="oc-1a3">
         <name>.debug_info</name>
         <load_address>0x5404</load_address>
         <run_address>0x5404</run_address>
         <size>0x14c</size>
         <input_file_ref idref="fl-8"/>
      </object_component>
      <object_component id="oc-211">
         <name>.debug_info</name>
         <load_address>0x5550</load_address>
         <run_address>0x5550</run_address>
         <size>0x176</size>
         <input_file_ref idref="fl-8"/>
      </object_component>
      <object_component id="oc-1cf">
         <name>.debug_info</name>
         <load_address>0x56c6</load_address>
         <run_address>0x56c6</run_address>
         <size>0x1a1</size>
         <input_file_ref idref="fl-8"/>
      </object_component>
      <object_component id="oc-22b">
         <name>.debug_info</name>
         <load_address>0x5867</load_address>
         <run_address>0x5867</run_address>
         <size>0x169</size>
         <input_file_ref idref="fl-8"/>
      </object_component>
      <object_component id="oc-1b7">
         <name>.debug_info</name>
         <load_address>0x59d0</load_address>
         <run_address>0x59d0</run_address>
         <size>0x1c5</size>
         <input_file_ref idref="fl-8"/>
      </object_component>
      <object_component id="oc-24b">
         <name>.debug_info</name>
         <load_address>0x5b95</load_address>
         <run_address>0x5b95</run_address>
         <size>0x1b3</size>
         <input_file_ref idref="fl-8"/>
      </object_component>
      <object_component id="oc-11b">
         <name>.debug_info</name>
         <load_address>0x5d48</load_address>
         <run_address>0x5d48</run_address>
         <size>0x36f</size>
         <input_file_ref idref="fl-9"/>
      </object_component>
      <object_component id="oc-19d">
         <name>.debug_info</name>
         <load_address>0x60b7</load_address>
         <run_address>0x60b7</run_address>
         <size>0x151</size>
         <input_file_ref idref="fl-9"/>
      </object_component>
      <object_component id="oc-1b0">
         <name>.debug_info</name>
         <load_address>0x6208</load_address>
         <run_address>0x6208</run_address>
         <size>0x171</size>
         <input_file_ref idref="fl-9"/>
      </object_component>
      <object_component id="oc-13e">
         <name>.debug_info</name>
         <load_address>0x6379</load_address>
         <run_address>0x6379</run_address>
         <size>0x18e</size>
         <input_file_ref idref="fl-9"/>
      </object_component>
      <object_component id="oc-157">
         <name>.debug_info</name>
         <load_address>0x6507</load_address>
         <run_address>0x6507</run_address>
         <size>0x1e2</size>
         <input_file_ref idref="fl-9"/>
      </object_component>
      <object_component id="oc-b3">
         <name>.debug_info</name>
         <load_address>0x66e9</load_address>
         <run_address>0x66e9</run_address>
         <size>0x156</size>
         <input_file_ref idref="fl-9"/>
      </object_component>
      <object_component id="oc-1fb">
         <name>.debug_info</name>
         <load_address>0x683f</load_address>
         <run_address>0x683f</run_address>
         <size>0xff</size>
         <input_file_ref idref="fl-38"/>
      </object_component>
      <object_component id="oc-8a">
         <name>.debug_info</name>
         <load_address>0x693e</load_address>
         <run_address>0x693e</run_address>
         <size>0xd8</size>
         <input_file_ref idref="fl-39"/>
      </object_component>
      <object_component id="oc-66">
         <name>.debug_info</name>
         <load_address>0x6a16</load_address>
         <run_address>0x6a16</run_address>
         <size>0x179</size>
         <input_file_ref idref="fl-3a"/>
      </object_component>
      <object_component id="oc-99">
         <name>.debug_info</name>
         <load_address>0x6b8f</load_address>
         <run_address>0x6b8f</run_address>
         <size>0x195</size>
         <input_file_ref idref="fl-3b"/>
      </object_component>
      <object_component id="oc-30">
         <name>.debug_info</name>
         <load_address>0x6d24</load_address>
         <run_address>0x6d24</run_address>
         <size>0x1c2</size>
         <input_file_ref idref="fl-3b"/>
      </object_component>
      <object_component id="oc-94">
         <name>.debug_info</name>
         <load_address>0x6ee6</load_address>
         <run_address>0x6ee6</run_address>
         <size>0x46</size>
         <input_file_ref idref="fl-3b"/>
      </object_component>
      <object_component id="oc-101">
         <name>.debug_info</name>
         <load_address>0x6f2c</load_address>
         <run_address>0x6f2c</run_address>
         <size>0x2c</size>
         <input_file_ref idref="fl-3b"/>
      </object_component>
      <object_component id="oc-a1">
         <name>.debug_info</name>
         <load_address>0x6f58</load_address>
         <run_address>0x6f58</run_address>
         <size>0x157</size>
         <input_file_ref idref="fl-3c"/>
      </object_component>
      <object_component id="oc-9b">
         <name>.debug_info</name>
         <load_address>0x70af</load_address>
         <run_address>0x70af</run_address>
         <size>0x21d</size>
         <input_file_ref idref="fl-3c"/>
      </object_component>
      <object_component id="oc-36">
         <name>.debug_info</name>
         <load_address>0x72cc</load_address>
         <run_address>0x72cc</run_address>
         <size>0x194</size>
         <input_file_ref idref="fl-3c"/>
      </object_component>
      <object_component id="oc-a2">
         <name>.debug_info</name>
         <load_address>0x7460</load_address>
         <run_address>0x7460</run_address>
         <size>0x39</size>
         <input_file_ref idref="fl-3c"/>
      </object_component>
      <object_component id="oc-be">
         <name>.debug_info</name>
         <load_address>0x7499</load_address>
         <run_address>0x7499</run_address>
         <size>0x14d</size>
         <input_file_ref idref="fl-3d"/>
      </object_component>
      <object_component id="oc-48">
         <name>.debug_info</name>
         <load_address>0x75e6</load_address>
         <run_address>0x75e6</run_address>
         <size>0x198</size>
         <input_file_ref idref="fl-3d"/>
      </object_component>
      <object_component id="oc-b9">
         <name>.debug_info</name>
         <load_address>0x777e</load_address>
         <run_address>0x777e</run_address>
         <size>0x46</size>
         <input_file_ref idref="fl-3d"/>
      </object_component>
      <object_component id="oc-fc">
         <name>.debug_info</name>
         <load_address>0x77c4</load_address>
         <run_address>0x77c4</run_address>
         <size>0x2c</size>
         <input_file_ref idref="fl-3d"/>
      </object_component>
      <object_component id="oc-10a">
         <name>.debug_info</name>
         <load_address>0x77f0</load_address>
         <run_address>0x77f0</run_address>
         <size>0x10d</size>
         <input_file_ref idref="fl-3e"/>
      </object_component>
      <object_component id="oc-e8">
         <name>.debug_info</name>
         <load_address>0x78fd</load_address>
         <run_address>0x78fd</run_address>
         <size>0xfa</size>
         <input_file_ref idref="fl-3f"/>
      </object_component>
      <object_component id="oc-a8">
         <name>.debug_info</name>
         <load_address>0x79f7</load_address>
         <run_address>0x79f7</run_address>
         <size>0xee</size>
         <input_file_ref idref="fl-4a"/>
      </object_component>
      <object_component id="oc-274">
         <name>.debug_info</name>
         <load_address>0x7ae5</load_address>
         <run_address>0x7ae5</run_address>
         <size>0xff</size>
         <input_file_ref idref="fl-4b"/>
      </object_component>
      <object_component id="oc-fb">
         <name>.debug_info</name>
         <load_address>0x7be4</load_address>
         <run_address>0x7be4</run_address>
         <size>0x150</size>
         <input_file_ref idref="fl-4c"/>
      </object_component>
      <object_component id="oc-8e">
         <name>.debug_info</name>
         <load_address>0x7d34</load_address>
         <run_address>0x7d34</run_address>
         <size>0x174</size>
         <input_file_ref idref="fl-4c"/>
      </object_component>
      <object_component id="oc-225">
         <name>.debug_info</name>
         <load_address>0x7ea8</load_address>
         <run_address>0x7ea8</run_address>
         <size>0x100</size>
         <input_file_ref idref="fl-4e"/>
      </object_component>
      <object_component id="oc-c0">
         <name>.debug_info</name>
         <load_address>0x7fa8</load_address>
         <run_address>0x7fa8</run_address>
         <size>0x12b</size>
         <input_file_ref idref="fl-4f"/>
      </object_component>
      <object_component id="oc-123">
         <name>.debug_info</name>
         <load_address>0x80d3</load_address>
         <run_address>0x80d3</run_address>
         <size>0x2cc</size>
         <input_file_ref idref="fl-52"/>
      </object_component>
      <object_component id="oc-c6">
         <name>.debug_info</name>
         <load_address>0x839f</load_address>
         <run_address>0x839f</run_address>
         <size>0x17e</size>
         <input_file_ref idref="fl-52"/>
      </object_component>
      <object_component id="oc-178">
         <name>.debug_info</name>
         <load_address>0x851d</load_address>
         <run_address>0x851d</run_address>
         <size>0x39</size>
         <input_file_ref idref="fl-52"/>
      </object_component>
      <object_component id="oc-2cf">
         <name>.debug_info</name>
         <load_address>0x8556</load_address>
         <run_address>0x8556</run_address>
         <size>0xb9</size>
      </object_component>
      <object_component id="oc-16d">
         <name>.debug_line</name>
         <load_address>0x0</load_address>
         <run_address>0x0</run_address>
         <size>0x20b</size>
         <input_file_ref idref="fl-2"/>
      </object_component>
      <object_component id="oc-e3">
         <name>.debug_line</name>
         <load_address>0x20b</load_address>
         <run_address>0x20b</run_address>
         <size>0x80</size>
         <input_file_ref idref="fl-2"/>
      </object_component>
      <object_component id="oc-f8">
         <name>.debug_line</name>
         <load_address>0x28b</load_address>
         <run_address>0x28b</run_address>
         <size>0x20</size>
         <input_file_ref idref="fl-2"/>
      </object_component>
      <object_component id="oc-166">
         <name>.debug_line</name>
         <load_address>0x2ab</load_address>
         <run_address>0x2ab</run_address>
         <size>0x76</size>
         <input_file_ref idref="fl-2"/>
      </object_component>
      <object_component id="oc-28a">
         <name>.debug_line</name>
         <load_address>0x321</load_address>
         <run_address>0x321</run_address>
         <size>0x20</size>
         <input_file_ref idref="fl-3"/>
      </object_component>
      <object_component id="oc-28e">
         <name>.debug_line</name>
         <load_address>0x341</load_address>
         <run_address>0x341</run_address>
         <size>0x30</size>
         <input_file_ref idref="fl-3"/>
      </object_component>
      <object_component id="oc-292">
         <name>.debug_line</name>
         <load_address>0x371</load_address>
         <run_address>0x371</run_address>
         <size>0x30</size>
         <input_file_ref idref="fl-3"/>
      </object_component>
      <object_component id="oc-290">
         <name>.debug_line</name>
         <load_address>0x3a1</load_address>
         <run_address>0x3a1</run_address>
         <size>0x30</size>
         <input_file_ref idref="fl-3"/>
      </object_component>
      <object_component id="oc-25e">
         <name>.debug_line</name>
         <load_address>0x3d1</load_address>
         <run_address>0x3d1</run_address>
         <size>0x65</size>
         <input_file_ref idref="fl-3"/>
      </object_component>
      <object_component id="oc-286">
         <name>.debug_line</name>
         <load_address>0x436</load_address>
         <run_address>0x436</run_address>
         <size>0x47</size>
         <input_file_ref idref="fl-3"/>
      </object_component>
      <object_component id="oc-26e">
         <name>.debug_line</name>
         <load_address>0x47d</load_address>
         <run_address>0x47d</run_address>
         <size>0x16f</size>
         <input_file_ref idref="fl-3"/>
      </object_component>
      <object_component id="oc-264">
         <name>.debug_line</name>
         <load_address>0x5ec</load_address>
         <run_address>0x5ec</run_address>
         <size>0x1bf</size>
         <input_file_ref idref="fl-3"/>
      </object_component>
      <object_component id="oc-241">
         <name>.debug_line</name>
         <load_address>0x7ab</load_address>
         <run_address>0x7ab</run_address>
         <size>0x44</size>
         <input_file_ref idref="fl-3"/>
      </object_component>
      <object_component id="oc-238">
         <name>.debug_line</name>
         <load_address>0x7ef</load_address>
         <run_address>0x7ef</run_address>
         <size>0x44</size>
         <input_file_ref idref="fl-3"/>
      </object_component>
      <object_component id="oc-16f">
         <name>.debug_line</name>
         <load_address>0x833</load_address>
         <run_address>0x833</run_address>
         <size>0x15f</size>
         <input_file_ref idref="fl-4"/>
      </object_component>
      <object_component id="oc-154">
         <name>.debug_line</name>
         <load_address>0x992</load_address>
         <run_address>0x992</run_address>
         <size>0x92</size>
         <input_file_ref idref="fl-4"/>
      </object_component>
      <object_component id="oc-1e9">
         <name>.debug_line</name>
         <load_address>0xa24</load_address>
         <run_address>0xa24</run_address>
         <size>0x56</size>
         <input_file_ref idref="fl-4"/>
      </object_component>
      <object_component id="oc-269">
         <name>.debug_line</name>
         <load_address>0xa7a</load_address>
         <run_address>0xa7a</run_address>
         <size>0x30</size>
         <input_file_ref idref="fl-5"/>
      </object_component>
      <object_component id="oc-259">
         <name>.debug_line</name>
         <load_address>0xaaa</load_address>
         <run_address>0xaaa</run_address>
         <size>0x39</size>
         <input_file_ref idref="fl-5"/>
      </object_component>
      <object_component id="oc-1ef">
         <name>.debug_line</name>
         <load_address>0xae3</load_address>
         <run_address>0xae3</run_address>
         <size>0x4a</size>
         <input_file_ref idref="fl-5"/>
      </object_component>
      <object_component id="oc-1e0">
         <name>.debug_line</name>
         <load_address>0xb2d</load_address>
         <run_address>0xb2d</run_address>
         <size>0x4a</size>
         <input_file_ref idref="fl-5"/>
      </object_component>
      <object_component id="oc-171">
         <name>.debug_line</name>
         <load_address>0xb77</load_address>
         <run_address>0xb77</run_address>
         <size>0x171</size>
         <input_file_ref idref="fl-6"/>
      </object_component>
      <object_component id="oc-222">
         <name>.debug_line</name>
         <load_address>0xce8</load_address>
         <run_address>0xce8</run_address>
         <size>0x32</size>
         <input_file_ref idref="fl-6"/>
      </object_component>
      <object_component id="oc-21d">
         <name>.debug_line</name>
         <load_address>0xd1a</load_address>
         <run_address>0xd1a</run_address>
         <size>0x32</size>
         <input_file_ref idref="fl-6"/>
      </object_component>
      <object_component id="oc-21b">
         <name>.debug_line</name>
         <load_address>0xd4c</load_address>
         <run_address>0xd4c</run_address>
         <size>0x32</size>
         <input_file_ref idref="fl-6"/>
      </object_component>
      <object_component id="oc-21f">
         <name>.debug_line</name>
         <load_address>0xd7e</load_address>
         <run_address>0xd7e</run_address>
         <size>0x32</size>
         <input_file_ref idref="fl-6"/>
      </object_component>
      <object_component id="oc-147">
         <name>.debug_line</name>
         <load_address>0xdb0</load_address>
         <run_address>0xdb0</run_address>
         <size>0xa1</size>
         <input_file_ref idref="fl-6"/>
      </object_component>
      <object_component id="oc-1f5">
         <name>.debug_line</name>
         <load_address>0xe51</load_address>
         <run_address>0xe51</run_address>
         <size>0x6e</size>
         <input_file_ref idref="fl-6"/>
      </object_component>
      <object_component id="oc-1da">
         <name>.debug_line</name>
         <load_address>0xebf</load_address>
         <run_address>0xebf</run_address>
         <size>0x7f</size>
         <input_file_ref idref="fl-6"/>
      </object_component>
      <object_component id="oc-1ac">
         <name>.debug_line</name>
         <load_address>0xf3e</load_address>
         <run_address>0xf3e</run_address>
         <size>0x53</size>
         <input_file_ref idref="fl-6"/>
      </object_component>
      <object_component id="oc-1c9">
         <name>.debug_line</name>
         <load_address>0xf91</load_address>
         <run_address>0xf91</run_address>
         <size>0x46</size>
         <input_file_ref idref="fl-6"/>
      </object_component>
      <object_component id="oc-14e">
         <name>.debug_line</name>
         <load_address>0xfd7</load_address>
         <run_address>0xfd7</run_address>
         <size>0x4f</size>
         <input_file_ref idref="fl-6"/>
      </object_component>
      <object_component id="oc-160">
         <name>.debug_line</name>
         <load_address>0x1026</load_address>
         <run_address>0x1026</run_address>
         <size>0x56</size>
         <input_file_ref idref="fl-6"/>
      </object_component>
      <object_component id="oc-248">
         <name>.debug_line</name>
         <load_address>0x107c</load_address>
         <run_address>0x107c</run_address>
         <size>0x53</size>
         <input_file_ref idref="fl-6"/>
      </object_component>
      <object_component id="oc-173">
         <name>.debug_line</name>
         <load_address>0x10cf</load_address>
         <run_address>0x10cf</run_address>
         <size>0x1b0</size>
         <input_file_ref idref="fl-7"/>
      </object_component>
      <object_component id="oc-13a">
         <name>.debug_line</name>
         <load_address>0x127f</load_address>
         <run_address>0x127f</run_address>
         <size>0x53</size>
         <input_file_ref idref="fl-7"/>
      </object_component>
      <object_component id="oc-19a">
         <name>.debug_line</name>
         <load_address>0x12d2</load_address>
         <run_address>0x12d2</run_address>
         <size>0x6e</size>
         <input_file_ref idref="fl-7"/>
      </object_component>
      <object_component id="oc-202">
         <name>.debug_line</name>
         <load_address>0x1340</load_address>
         <run_address>0x1340</run_address>
         <size>0xd1</size>
         <input_file_ref idref="fl-7"/>
      </object_component>
      <object_component id="oc-b0">
         <name>.debug_line</name>
         <load_address>0x1411</load_address>
         <run_address>0x1411</run_address>
         <size>0x58</size>
         <input_file_ref idref="fl-7"/>
      </object_component>
      <object_component id="oc-255">
         <name>.debug_line</name>
         <load_address>0x1469</load_address>
         <run_address>0x1469</run_address>
         <size>0xbe</size>
         <input_file_ref idref="fl-8"/>
      </object_component>
      <object_component id="oc-1a6">
         <name>.debug_line</name>
         <load_address>0x1527</load_address>
         <run_address>0x1527</run_address>
         <size>0x61</size>
         <input_file_ref idref="fl-8"/>
      </object_component>
      <object_component id="oc-214">
         <name>.debug_line</name>
         <load_address>0x1588</load_address>
         <run_address>0x1588</run_address>
         <size>0x5d</size>
         <input_file_ref idref="fl-8"/>
      </object_component>
      <object_component id="oc-1d2">
         <name>.debug_line</name>
         <load_address>0x15e5</load_address>
         <run_address>0x15e5</run_address>
         <size>0x58</size>
         <input_file_ref idref="fl-8"/>
      </object_component>
      <object_component id="oc-22e">
         <name>.debug_line</name>
         <load_address>0x163d</load_address>
         <run_address>0x163d</run_address>
         <size>0x57</size>
         <input_file_ref idref="fl-8"/>
      </object_component>
      <object_component id="oc-1ba">
         <name>.debug_line</name>
         <load_address>0x1694</load_address>
         <run_address>0x1694</run_address>
         <size>0x58</size>
         <input_file_ref idref="fl-8"/>
      </object_component>
      <object_component id="oc-24e">
         <name>.debug_line</name>
         <load_address>0x16ec</load_address>
         <run_address>0x16ec</run_address>
         <size>0x5d</size>
         <input_file_ref idref="fl-8"/>
      </object_component>
      <object_component id="oc-175">
         <name>.debug_line</name>
         <load_address>0x1749</load_address>
         <run_address>0x1749</run_address>
         <size>0x115</size>
         <input_file_ref idref="fl-9"/>
      </object_component>
      <object_component id="oc-1a0">
         <name>.debug_line</name>
         <load_address>0x185e</load_address>
         <run_address>0x185e</run_address>
         <size>0x5f</size>
         <input_file_ref idref="fl-9"/>
      </object_component>
      <object_component id="oc-1b3">
         <name>.debug_line</name>
         <load_address>0x18bd</load_address>
         <run_address>0x18bd</run_address>
         <size>0x5b</size>
         <input_file_ref idref="fl-9"/>
      </object_component>
      <object_component id="oc-141">
         <name>.debug_line</name>
         <load_address>0x1918</load_address>
         <run_address>0x1918</run_address>
         <size>0x5c</size>
         <input_file_ref idref="fl-9"/>
      </object_component>
      <object_component id="oc-15a">
         <name>.debug_line</name>
         <load_address>0x1974</load_address>
         <run_address>0x1974</run_address>
         <size>0x65</size>
         <input_file_ref idref="fl-9"/>
      </object_component>
      <object_component id="oc-b6">
         <name>.debug_line</name>
         <load_address>0x19d9</load_address>
         <run_address>0x19d9</run_address>
         <size>0x57</size>
         <input_file_ref idref="fl-9"/>
      </object_component>
      <object_component id="oc-1fa">
         <name>.debug_line</name>
         <load_address>0x1a30</load_address>
         <run_address>0x1a30</run_address>
         <size>0x4e</size>
         <input_file_ref idref="fl-38"/>
      </object_component>
      <object_component id="oc-f4">
         <name>.debug_line</name>
         <load_address>0x1a7e</load_address>
         <run_address>0x1a7e</run_address>
         <size>0x2a</size>
         <input_file_ref idref="fl-39"/>
      </object_component>
      <object_component id="oc-6a">
         <name>.debug_line</name>
         <load_address>0x1aa8</load_address>
         <run_address>0x1aa8</run_address>
         <size>0x4c</size>
         <input_file_ref idref="fl-3a"/>
      </object_component>
      <object_component id="oc-107">
         <name>.debug_line</name>
         <load_address>0x1af4</load_address>
         <run_address>0x1af4</run_address>
         <size>0x72</size>
         <input_file_ref idref="fl-3b"/>
      </object_component>
      <object_component id="oc-33">
         <name>.debug_line</name>
         <load_address>0x1b66</load_address>
         <run_address>0x1b66</run_address>
         <size>0x50</size>
         <input_file_ref idref="fl-3b"/>
      </object_component>
      <object_component id="oc-97">
         <name>.debug_line</name>
         <load_address>0x1bb6</load_address>
         <run_address>0x1bb6</run_address>
         <size>0x3a</size>
         <input_file_ref idref="fl-3b"/>
      </object_component>
      <object_component id="oc-104">
         <name>.debug_line</name>
         <load_address>0x1bf0</load_address>
         <run_address>0x1bf0</run_address>
         <size>0x72</size>
         <input_file_ref idref="fl-3b"/>
      </object_component>
      <object_component id="oc-10f">
         <name>.debug_line</name>
         <load_address>0x1c62</load_address>
         <run_address>0x1c62</run_address>
         <size>0x20</size>
         <input_file_ref idref="fl-3c"/>
      </object_component>
      <object_component id="oc-9e">
         <name>.debug_line</name>
         <load_address>0x1c82</load_address>
         <run_address>0x1c82</run_address>
         <size>0x87</size>
         <input_file_ref idref="fl-3c"/>
      </object_component>
      <object_component id="oc-39">
         <name>.debug_line</name>
         <load_address>0x1d09</load_address>
         <run_address>0x1d09</run_address>
         <size>0x49</size>
         <input_file_ref idref="fl-3c"/>
      </object_component>
      <object_component id="oc-a5">
         <name>.debug_line</name>
         <load_address>0x1d52</load_address>
         <run_address>0x1d52</run_address>
         <size>0x39</size>
         <input_file_ref idref="fl-3c"/>
      </object_component>
      <object_component id="oc-120">
         <name>.debug_line</name>
         <load_address>0x1d8b</load_address>
         <run_address>0x1d8b</run_address>
         <size>0x20</size>
         <input_file_ref idref="fl-3d"/>
      </object_component>
      <object_component id="oc-4b">
         <name>.debug_line</name>
         <load_address>0x1dab</load_address>
         <run_address>0x1dab</run_address>
         <size>0x4d</size>
         <input_file_ref idref="fl-3d"/>
      </object_component>
      <object_component id="oc-bc">
         <name>.debug_line</name>
         <load_address>0x1df8</load_address>
         <run_address>0x1df8</run_address>
         <size>0x34</size>
         <input_file_ref idref="fl-3d"/>
      </object_component>
      <object_component id="oc-ff">
         <name>.debug_line</name>
         <load_address>0x1e2c</load_address>
         <run_address>0x1e2c</run_address>
         <size>0x72</size>
         <input_file_ref idref="fl-3d"/>
      </object_component>
      <object_component id="oc-109">
         <name>.debug_line</name>
         <load_address>0x1e9e</load_address>
         <run_address>0x1e9e</run_address>
         <size>0x40</size>
         <input_file_ref idref="fl-3e"/>
      </object_component>
      <object_component id="oc-eb">
         <name>.debug_line</name>
         <load_address>0x1ede</load_address>
         <run_address>0x1ede</run_address>
         <size>0x3a</size>
         <input_file_ref idref="fl-3f"/>
      </object_component>
      <object_component id="oc-ab">
         <name>.debug_line</name>
         <load_address>0x1f18</load_address>
         <run_address>0x1f18</run_address>
         <size>0x3c</size>
         <input_file_ref idref="fl-4a"/>
      </object_component>
      <object_component id="oc-277">
         <name>.debug_line</name>
         <load_address>0x1f54</load_address>
         <run_address>0x1f54</run_address>
         <size>0x4e</size>
         <input_file_ref idref="fl-4b"/>
      </object_component>
      <object_component id="oc-16a">
         <name>.debug_line</name>
         <load_address>0x1fa2</load_address>
         <run_address>0x1fa2</run_address>
         <size>0x20</size>
         <input_file_ref idref="fl-4c"/>
      </object_component>
      <object_component id="oc-91">
         <name>.debug_line</name>
         <load_address>0x1fc2</load_address>
         <run_address>0x1fc2</run_address>
         <size>0x45</size>
         <input_file_ref idref="fl-4c"/>
      </object_component>
      <object_component id="oc-228">
         <name>.debug_line</name>
         <load_address>0x2007</load_address>
         <run_address>0x2007</run_address>
         <size>0x42</size>
         <input_file_ref idref="fl-4e"/>
      </object_component>
      <object_component id="oc-c3">
         <name>.debug_line</name>
         <load_address>0x2049</load_address>
         <run_address>0x2049</run_address>
         <size>0x3e</size>
         <input_file_ref idref="fl-4f"/>
      </object_component>
      <object_component id="oc-177">
         <name>.debug_line</name>
         <load_address>0x2087</load_address>
         <run_address>0x2087</run_address>
         <size>0x2e</size>
         <input_file_ref idref="fl-52"/>
      </object_component>
      <object_component id="oc-c9">
         <name>.debug_line</name>
         <load_address>0x20b5</load_address>
         <run_address>0x20b5</run_address>
         <size>0x7b</size>
         <input_file_ref idref="fl-52"/>
      </object_component>
      <object_component id="oc-17b">
         <name>.debug_line</name>
         <load_address>0x2130</load_address>
         <run_address>0x2130</run_address>
         <size>0x2e</size>
         <input_file_ref idref="fl-52"/>
      </object_component>
      <object_component id="oc-e4">
         <name>.debug_frame</name>
         <load_address>0x0</load_address>
         <run_address>0x0</run_address>
         <size>0x50</size>
         <input_file_ref idref="fl-2"/>
      </object_component>
      <object_component id="oc-25f">
         <name>.debug_frame</name>
         <load_address>0x50</load_address>
         <run_address>0x50</run_address>
         <size>0x6b</size>
         <input_file_ref idref="fl-3"/>
      </object_component>
      <object_component id="oc-287">
         <name>.debug_frame</name>
         <load_address>0xbb</load_address>
         <run_address>0xbb</run_address>
         <size>0x47</size>
         <input_file_ref idref="fl-3"/>
      </object_component>
      <object_component id="oc-26f">
         <name>.debug_frame</name>
         <load_address>0x102</load_address>
         <run_address>0x102</run_address>
         <size>0x72</size>
         <input_file_ref idref="fl-3"/>
      </object_component>
      <object_component id="oc-265">
         <name>.debug_frame</name>
         <load_address>0x174</load_address>
         <run_address>0x174</run_address>
         <size>0x72</size>
         <input_file_ref idref="fl-3"/>
      </object_component>
      <object_component id="oc-242">
         <name>.debug_frame</name>
         <load_address>0x1e6</load_address>
         <run_address>0x1e6</run_address>
         <size>0x57</size>
         <input_file_ref idref="fl-3"/>
      </object_component>
      <object_component id="oc-239">
         <name>.debug_frame</name>
         <load_address>0x23d</load_address>
         <run_address>0x23d</run_address>
         <size>0x57</size>
         <input_file_ref idref="fl-3"/>
      </object_component>
      <object_component id="oc-155">
         <name>.debug_frame</name>
         <load_address>0x294</load_address>
         <run_address>0x294</run_address>
         <size>0x6c</size>
         <input_file_ref idref="fl-4"/>
      </object_component>
      <object_component id="oc-1ea">
         <name>.debug_frame</name>
         <load_address>0x300</load_address>
         <run_address>0x300</run_address>
         <size>0x47</size>
         <input_file_ref idref="fl-4"/>
      </object_component>
      <object_component id="oc-1f0">
         <name>.debug_frame</name>
         <load_address>0x347</load_address>
         <run_address>0x347</run_address>
         <size>0x47</size>
         <input_file_ref idref="fl-5"/>
      </object_component>
      <object_component id="oc-1e1">
         <name>.debug_frame</name>
         <load_address>0x38e</load_address>
         <run_address>0x38e</run_address>
         <size>0x47</size>
         <input_file_ref idref="fl-5"/>
      </object_component>
      <object_component id="oc-148">
         <name>.debug_frame</name>
         <load_address>0x3d5</load_address>
         <run_address>0x3d5</run_address>
         <size>0x67</size>
         <input_file_ref idref="fl-6"/>
      </object_component>
      <object_component id="oc-1f6">
         <name>.debug_frame</name>
         <load_address>0x43c</load_address>
         <run_address>0x43c</run_address>
         <size>0x67</size>
         <input_file_ref idref="fl-6"/>
      </object_component>
      <object_component id="oc-1db">
         <name>.debug_frame</name>
         <load_address>0x4a3</load_address>
         <run_address>0x4a3</run_address>
         <size>0x66</size>
         <input_file_ref idref="fl-6"/>
      </object_component>
      <object_component id="oc-1ad">
         <name>.debug_frame</name>
         <load_address>0x509</load_address>
         <run_address>0x509</run_address>
         <size>0x50</size>
         <input_file_ref idref="fl-6"/>
      </object_component>
      <object_component id="oc-1ca">
         <name>.debug_frame</name>
         <load_address>0x559</load_address>
         <run_address>0x559</run_address>
         <size>0x47</size>
         <input_file_ref idref="fl-6"/>
      </object_component>
      <object_component id="oc-14f">
         <name>.debug_frame</name>
         <load_address>0x5a0</load_address>
         <run_address>0x5a0</run_address>
         <size>0x47</size>
         <input_file_ref idref="fl-6"/>
      </object_component>
      <object_component id="oc-161">
         <name>.debug_frame</name>
         <load_address>0x5e7</load_address>
         <run_address>0x5e7</run_address>
         <size>0x51</size>
         <input_file_ref idref="fl-6"/>
      </object_component>
      <object_component id="oc-249">
         <name>.debug_frame</name>
         <load_address>0x638</load_address>
         <run_address>0x638</run_address>
         <size>0x47</size>
         <input_file_ref idref="fl-6"/>
      </object_component>
      <object_component id="oc-13b">
         <name>.debug_frame</name>
         <load_address>0x67f</load_address>
         <run_address>0x67f</run_address>
         <size>0x56</size>
         <input_file_ref idref="fl-7"/>
      </object_component>
      <object_component id="oc-19b">
         <name>.debug_frame</name>
         <load_address>0x6d5</load_address>
         <run_address>0x6d5</run_address>
         <size>0x47</size>
         <input_file_ref idref="fl-7"/>
      </object_component>
      <object_component id="oc-203">
         <name>.debug_frame</name>
         <load_address>0x71c</load_address>
         <run_address>0x71c</run_address>
         <size>0x48</size>
         <input_file_ref idref="fl-7"/>
      </object_component>
      <object_component id="oc-b1">
         <name>.debug_frame</name>
         <load_address>0x764</load_address>
         <run_address>0x764</run_address>
         <size>0x47</size>
         <input_file_ref idref="fl-7"/>
      </object_component>
      <object_component id="oc-1a7">
         <name>.debug_frame</name>
         <load_address>0x7ab</load_address>
         <run_address>0x7ab</run_address>
         <size>0x47</size>
         <input_file_ref idref="fl-8"/>
      </object_component>
      <object_component id="oc-215">
         <name>.debug_frame</name>
         <load_address>0x7f2</load_address>
         <run_address>0x7f2</run_address>
         <size>0x47</size>
         <input_file_ref idref="fl-8"/>
      </object_component>
      <object_component id="oc-1d3">
         <name>.debug_frame</name>
         <load_address>0x839</load_address>
         <run_address>0x839</run_address>
         <size>0x47</size>
         <input_file_ref idref="fl-8"/>
      </object_component>
      <object_component id="oc-22f">
         <name>.debug_frame</name>
         <load_address>0x880</load_address>
         <run_address>0x880</run_address>
         <size>0x47</size>
         <input_file_ref idref="fl-8"/>
      </object_component>
      <object_component id="oc-1bb">
         <name>.debug_frame</name>
         <load_address>0x8c7</load_address>
         <run_address>0x8c7</run_address>
         <size>0x47</size>
         <input_file_ref idref="fl-8"/>
      </object_component>
      <object_component id="oc-24f">
         <name>.debug_frame</name>
         <load_address>0x90e</load_address>
         <run_address>0x90e</run_address>
         <size>0x47</size>
         <input_file_ref idref="fl-8"/>
      </object_component>
      <object_component id="oc-1a1">
         <name>.debug_frame</name>
         <load_address>0x955</load_address>
         <run_address>0x955</run_address>
         <size>0x47</size>
         <input_file_ref idref="fl-9"/>
      </object_component>
      <object_component id="oc-1b4">
         <name>.debug_frame</name>
         <load_address>0x99c</load_address>
         <run_address>0x99c</run_address>
         <size>0x47</size>
         <input_file_ref idref="fl-9"/>
      </object_component>
      <object_component id="oc-142">
         <name>.debug_frame</name>
         <load_address>0x9e3</load_address>
         <run_address>0x9e3</run_address>
         <size>0x47</size>
         <input_file_ref idref="fl-9"/>
      </object_component>
      <object_component id="oc-15b">
         <name>.debug_frame</name>
         <load_address>0xa2a</load_address>
         <run_address>0xa2a</run_address>
         <size>0x50</size>
         <input_file_ref idref="fl-9"/>
      </object_component>
      <object_component id="oc-b7">
         <name>.debug_frame</name>
         <load_address>0xa7a</load_address>
         <run_address>0xa7a</run_address>
         <size>0x50</size>
         <input_file_ref idref="fl-9"/>
      </object_component>
      <object_component id="oc-69">
         <name>.debug_frame</name>
         <load_address>0xaca</load_address>
         <run_address>0xaca</run_address>
         <size>0x42</size>
         <input_file_ref idref="fl-3a"/>
      </object_component>
      <object_component id="oc-34">
         <name>.debug_frame</name>
         <load_address>0xb0c</load_address>
         <run_address>0xb0c</run_address>
         <size>0x47</size>
         <input_file_ref idref="fl-3b"/>
      </object_component>
      <object_component id="oc-9f">
         <name>.debug_frame</name>
         <load_address>0xb53</load_address>
         <run_address>0xb53</run_address>
         <size>0x51</size>
         <input_file_ref idref="fl-3c"/>
      </object_component>
      <object_component id="oc-3a">
         <name>.debug_frame</name>
         <load_address>0xba4</load_address>
         <run_address>0xba4</run_address>
         <size>0x47</size>
         <input_file_ref idref="fl-3c"/>
      </object_component>
      <object_component id="oc-4c">
         <name>.debug_frame</name>
         <load_address>0xbeb</load_address>
         <run_address>0xbeb</run_address>
         <size>0x47</size>
         <input_file_ref idref="fl-3d"/>
      </object_component>
      <object_component id="oc-ec">
         <name>.debug_frame</name>
         <load_address>0xc32</load_address>
         <run_address>0xc32</run_address>
         <size>0x47</size>
         <input_file_ref idref="fl-3f"/>
      </object_component>
      <object_component id="oc-92">
         <name>.debug_frame</name>
         <load_address>0xc79</load_address>
         <run_address>0xc79</run_address>
         <size>0x47</size>
         <input_file_ref idref="fl-4c"/>
      </object_component>
      <object_component id="oc-c4">
         <name>.debug_frame</name>
         <load_address>0xcc0</load_address>
         <run_address>0xcc0</run_address>
         <size>0x47</size>
         <input_file_ref idref="fl-4f"/>
      </object_component>
      <object_component id="oc-ca">
         <name>.debug_frame</name>
         <load_address>0xd07</load_address>
         <run_address>0xd07</run_address>
         <size>0x51</size>
         <input_file_ref idref="fl-52"/>
      </object_component>
      <object_component id="oc-16c">
         <name>.debug_abbrev</name>
[...]
         <value>0x10fc</value>
      </symbol>
      <symbol id="sm-5b">
         <name>CALBC1_8MHZ</name>
         <value>0x10fd</value>
      </symbol>
      <symbol id="sm-5c">
         <name>CALDCO_1MHZ</name>
         <value>0x10fe</value>
      </symbol>
      <symbol id="sm-5d">
         <name>CALBC1_1MHZ</name>
         <value>0x10ff</value>
      </symbol>
      <symbol id="sm-5e">
         <name>TLV_CHECKSUM</name>
         <value>0x10c0</value>
      </symbol>
      <symbol id="sm-5f">
         <name>TLV_DCO_30_TAG</name>
         <value>0x10f6</value>
      </symbol>
      <symbol id="sm-60">
         <name>TLV_DCO_30_LEN</name>
         <value>0x10f7</value>
      </symbol>
      <symbol id="sm-61">
         <name>TLV_ADC10_1_TAG</name>
         <value>0x10da</value>
      </symbol>
      <symbol id="sm-62">
         <name>TLV_ADC10_1_LEN</name>
         <value>0x10db</value>
      </symbol>
      <symbol id="sm-63">
         <name>__TI_CINIT_Base</name>
         <value>0xdaf8</value>
      </symbol>
      <symbol id="sm-64">
         <name>__TI_CINIT_Limit</name>
         <value>0xdb00</value>
      </symbol>
      <symbol id="sm-65">
         <name>__TI_Handler_Table_Base</name>
         <value>0xdaee</value>
      </symbol>
      <symbol id="sm-66">
         <name>__TI_Handler_Table_Limit</name>
         <value>0xdaf4</value>
      </symbol>
      <symbol id="sm-67">
         <name>binit</name>
         <value>0xffffffff</value>
      </symbol>
      <symbol id="sm-68">
         <name>__binit__</name>
         <value>0xffffffff</value>
      </symbol>
      <symbol id="sm-69">
         <name>__STACK_SIZE</name>
         <value>0x50</value>
      </symbol>
      <symbol id="sm-6a">
         <name>__STACK_END</name>
         <value>0x400</value>
      </symbol>
      <symbol id="sm-6b">
         <name>__c_args__</name>
         <value>0xffffffff</value>
      </symbol>
      <symbol id="sm-b6">
         <name>uart_buf_size</name>
         <value>0x2a5</value>
      </symbol>
      <symbol id="sm-b7">
         <name>uart_rcv_buf</name>
         <value>0x280</value>
      </symbol>
      <symbol id="sm-b8">
         <name>TxPacket</name>
         <value>0x240</value>
      </symbol>
      <symbol id="sm-b9">
         <name>RxPacket</name>
         <value>0x200</value>
      </symbol>
      <symbol id="sm-ba">
         <name>packet_len</name>
         <value>0x2a4</value>
      </symbol>
      <symbol id="sm-bb">
         <name>error</name>
         <value>0x2a3</value>
      </symbol>
      <symbol id="sm-bc">
         <name>main</name>
         <value>0xcf7c</value>
         <object_component_ref idref="oc-df"/>
      </symbol>
      <symbol id="sm-100">
         <name>sbox</name>
         <value>0xd83a</value>
         <object_component_ref idref="oc-278"/>
      </symbol>
      <symbol id="sm-101">
         <name>galois_mul2</name>
         <value>0xd604</value>
         <object_component_ref idref="oc-282"/>
      </symbol>
      <symbol id="sm-102">
         <name>aes_decrypt</name>
         <value>0xd5c8</value>
         <object_component_ref idref="oc-234"/>
      </symbol>
      <symbol id="sm-103">
         <name>rsbox</name>
         <value>0xd73a</value>
         <object_component_ref idref="oc-27f"/>
      </symbol>
      <symbol id="sm-104">
         <name>Rcon</name>
         <value>0xdacc</value>
         <object_component_ref idref="oc-27b"/>
      </symbol>
      <symbol id="sm-105">
         <name>aes_encr</name>
         <value>0xc624</value>
         <object_component_ref idref="oc-26a"/>
      </symbol>
      <symbol id="sm-106">
         <name>expandKey</name>
         <value>0xcc80</value>
         <object_component_ref idref="oc-25a"/>
      </symbol>
      <symbol id="sm-107">
         <name>aes_encrypt</name>
         <value>0xd5e6</value>
         <object_component_ref idref="oc-23d"/>
      </symbol>
      <symbol id="sm-108">
         <name>aes_decr</name>
         <value>0xc000</value>
         <object_component_ref idref="oc-260"/>
      </symbol>
      <symbol id="sm-12f">
         <name>nwk_header</name>
         <value>0x2a0</value>
      </symbol>
      <symbol id="sm-130">
         <name>_Modify_Packet_Header</name>
         <value>0xd5aa</value>
         <object_component_ref idref="oc-1e5"/>
      </symbol>
      <symbol id="sm-131">
         <name>Radio_Receive_Data</name>
         <value>0xcdb6</value>
         <object_component_ref idref="oc-150"/>
      </symbol>
      <symbol id="sm-149">
         <name>encryption_key</name>
         <value>0x2a6</value>
         <object_component_ref idref="oc-231"/>
      </symbol>
      <symbol id="sm-14a">
         <name>Payload_Encrypt</name>
         <value>0xd71a</value>
         <object_component_ref idref="oc-1eb"/>
      </symbol>
      <symbol id="sm-14b">
         <name>Payload_Decrypt</name>
         <value>0xd70e</value>
         <object_component_ref idref="oc-1dc"/>
      </symbol>
      <symbol id="sm-1c5">
         <name>P_VALUE_CH_</name>
         <value>0xda8a</value>
         <object_component_ref idref="oc-1bf"/>
      </symbol>
      <symbol id="sm-1c6">
         <name>_Add_Address_To_Packet</name>
         <value>0xd52c</value>
         <object_component_ref idref="oc-244"/>
      </symbol>
      <symbol id="sm-1c7">
         <name>R_VALUE_CH_</name>
         <value>0xdaa0</value>
         <object_component_ref idref="oc-1bc"/>
      </symbol>
      <symbol id="sm-1c8">
         <name>S_VALUE_CH_</name>
         <value>0xdab6</value>
         <object_component_ref idref="oc-1c2"/>
      </symbol>
      <symbol id="sm-1c9">
         <name>Radio_Set_Mode</name>
         <value>0xd446</value>
         <object_component_ref idref="oc-14a"/>
      </symbol>
      <symbol id="sm-1ca">
         <name>Radio_Set_TxPower</name>
         <value>0xd6a6</value>
         <object_component_ref idref="oc-1c5"/>
      </symbol>
      <symbol id="sm-1cb">
         <name>vcotune</name>
         <value>0x2b6</value>
         <object_component_ref idref="oc-1cb"/>
      </symbol>
      <symbol id="sm-1cc">
         <name>Radio_Get_RSSI</name>
         <value>0xd3c8</value>
         <object_component_ref idref="oc-15c"/>
      </symbol>
      <symbol id="sm-1cd">
         <name>Radio_Init</name>
         <value>0xca52</value>
         <object_component_ref idref="oc-143"/>
      </symbol>
      <symbol id="sm-1ce">
         <name>Radio_Rx</name>
         <value>0xcea8</value>
         <object_component_ref idref="oc-1d6"/>
      </symbol>
      <symbol id="sm-1cf">
         <name>Radio_Set_Channel</name>
         <value>0xd18a</value>
         <object_component_ref idref="oc-1a8"/>
      </symbol>
      <symbol id="sm-1d0">
         <name>Radio_Tx</name>
         <value>0xd03e</value>
         <object_component_ref idref="oc-1f1"/>
      </symbol>
      <symbol id="sm-20d">
         <name>cByteToHex</name>
         <value>0xd0f8</value>
         <object_component_ref idref="oc-1fe"/>
      </symbol>
      <symbol id="sm-20e">
         <name>__TI_int03</name>
         <value>0xffe6</value>
         <object_component_ref idref="oc-3c"/>
      </symbol>
      <symbol id="sm-20f">
         <name>Port_2</name>
         <value>0xd54e</value>
         <object_component_ref idref="oc-ac"/>
      </symbol>
      <symbol id="sm-210">
         <name>System_Init</name>
         <value>0xd378</value>
         <object_component_ref idref="oc-136"/>
      </symbol>
      <symbol id="sm-211">
         <name>System_Set_Speed</name>
         <value>0xd268</value>
         <object_component_ref idref="oc-196"/>
      </symbol>
      <symbol id="sm-245">
         <name>dummy</name>
         <value>0x2a2</value>
      </symbol>
      <symbol id="sm-246">
         <name>Spi_Send</name>
         <value>0xd58c</value>
         <object_component_ref idref="oc-210"/>
      </symbol>
      <symbol id="sm-247">
         <name>SPI_Conf_Write_Register</name>
         <value>0xd56e</value>
         <object_component_ref idref="oc-1b6"/>
      </symbol>
      <symbol id="sm-248">
         <name>SPI_Data_Write</name>
         <value>0xd620</value>
         <object_component_ref idref="oc-24a"/>
      </symbol>
      <symbol id="sm-249">
         <name>SPI_Conf_Read_Register</name>
         <value>0xd50a</value>
         <object_component_ref idref="oc-1ce"/>
      </symbol>
      <symbol id="sm-24a">
         <name>SPI_Init</name>
         <value>0xd2c8</value>
         <object_component_ref idref="oc-1a2"/>
      </symbol>
      <symbol id="sm-24b">
         <name>SPI_Data_Read</name>
         <value>0xd6ee</value>
         <object_component_ref idref="oc-22a"/>
      </symbol>
      <symbol id="sm-27d">
         <name>USCI0RX_ISR</name>
         <value>0xd654</value>
         <object_component_ref idref="oc-b2"/>
      </symbol>
      <symbol id="sm-27e">
         <name>__TI_int07</name>
         <value>0xffee</value>
         <object_component_ref idref="oc-3f"/>
      </symbol>
      <symbol id="sm-27f">
         <name>UART_Send_Data</name>
         <value>0xd6b8</value>
         <object_component_ref idref="oc-13d"/>
      </symbol>
      <symbol id="sm-280">
         <name>UART_Send_Byte</name>
         <value>0xd66a</value>
         <object_component_ref idref="oc-1af"/>
      </symbol>
      <symbol id="sm-281">
         <name>UART0_Send_ByteToChar</name>
         <value>0xd408</value>
         <object_component_ref idref="oc-156"/>
      </symbol>
      <symbol id="sm-282">
         <name>UART_Init</name>
         <value>0xd480</value>
         <object_component_ref idref="oc-19c"/>
      </symbol>
      <symbol id="sm-28a">
         <name>__mspabi_srai</name>
         <value>0xd4b2</value>
         <object_component_ref idref="oc-1f9"/>
      </symbol>
      <symbol id="sm-28b">
         <name>__mspabi_srai_8</name>
         <value>0xd4cc</value>
         <object_component_ref idref="oc-1f9"/>
      </symbol>
      <symbol id="sm-28c">
         <name>__mspabi_srai_9</name>
         <value>0xd4ca</value>
         <object_component_ref idref="oc-1f9"/>
      </symbol>
      <symbol id="sm-28d">
         <name>__mspabi_srai_6</name>
         <value>0xd4d0</value>
         <object_component_ref idref="oc-1f9"/>
      </symbol>
      <symbol id="sm-28e">
         <name>__mspabi_srai_7</name>
         <value>0xd4ce</value>
         <object_component_ref idref="oc-1f9"/>
      </symbol>
      <symbol id="sm-28f">
         <name>__mspabi_srai_4</name>
         <value>0xd4d4</value>
         <object_component_ref idref="oc-1f9"/>
      </symbol>
      <symbol id="sm-290">
         <name>__mspabi_srai_5</name>
         <value>0xd4d2</value>
         <object_component_ref idref="oc-1f9"/>
      </symbol>
      <symbol id="sm-291">
         <name>__mspabi_srai_2</name>
         <value>0xd4d8</value>
         <object_component_ref idref="oc-1f9"/>
      </symbol>
      <symbol id="sm-292">
         <name>__mspabi_srai_3</name>
         <value>0xd4d6</value>
         <object_component_ref idref="oc-1f9"/>
      </symbol>
      <symbol id="sm-293">
         <name>__mspabi_srai_1</name>
         <value>0xd4da</value>
         <object_component_ref idref="oc-1f9"/>
      </symbol>
      <symbol id="sm-294">
         <name>__mspabi_srai_15</name>
         <value>0xd4be</value>
         <object_component_ref idref="oc-1f9"/>
      </symbol>
      <symbol id="sm-295">
         <name>__mspabi_srai_14</name>
         <value>0xd4c0</value>
         <object_component_ref idref="oc-1f9"/>
      </symbol>
      <symbol id="sm-296">
         <name>__mspabi_srai_13</name>
         <value>0xd4c2</value>
         <object_component_ref idref="oc-1f9"/>
      </symbol>
      <symbol id="sm-297">
         <name>__mspabi_srai_12</name>
         <value>0xd4c4</value>
         <object_component_ref idref="oc-1f9"/>
      </symbol>
      <symbol id="sm-298">
         <name>__mspabi_srai_11</name>
         <value>0xd4c6</value>
         <object_component_ref idref="oc-1f9"/>
      </symbol>
      <symbol id="sm-299">
         <name>__mspabi_srai_10</name>
         <value>0xd4c8</value>
         <object_component_ref idref="oc-1f9"/>
      </symbol>
      <symbol id="sm-2a2">
         <name>_stack</name>
         <value>0x3b0</value>
         <object_component_ref idref="oc-89"/>
      </symbol>
      <symbol id="sm-2a3">
         <name>_reset_vector</name>
         <value>0xfffe</value>
         <object_component_ref idref="oc-8c"/>
      </symbol>
      <symbol id="sm-2ae">
         <name>_c_int00_noargs_noexit</name>
         <value>0xd63a</value>
         <object_component_ref idref="oc-65"/>
      </symbol>
      <symbol id="sm-2c4">
         <name>__TI_decompress_none</name>
         <value>0xd6ca</value>
         <object_component_ref idref="oc-2f"/>
      </symbol>
      <symbol id="sm-2e6">
         <name>__TI_decompress_rle24</name>
         <value>0xd72c</value>
         <object_component_ref idref="oc-35"/>
      </symbol>
      <symbol id="sm-2fe">
         <name>__TI_zero_init</name>
         <value>0xd67e</value>
         <object_component_ref idref="oc-47"/>
      </symbol>
      <symbol id="sm-307">
         <name>__mspabi_func_epilog_2</name>
         <value>0xd708</value>
         <object_component_ref idref="oc-108"/>
      </symbol>
      <symbol id="sm-308">
         <name>__mspabi_func_epilog_3</name>
         <value>0xd706</value>
         <object_component_ref idref="oc-108"/>
      </symbol>
      <symbol id="sm-309">
         <name>__mspabi_func_epilog_1</name>
         <value>0xd70a</value>
         <object_component_ref idref="oc-108"/>
      </symbol>
      <symbol id="sm-30a">
         <name>__mspabi_func_epilog_6</name>
         <value>0xd700</value>
         <object_component_ref idref="oc-108"/>
      </symbol>
      <symbol id="sm-30b">
         <name>__mspabi_func_epilog_7</name>
         <value>0xd6fe</value>
         <object_component_ref idref="oc-108"/>
      </symbol>
      <symbol id="sm-30c">
         <name>__mspabi_func_epilog_4</name>
         <value>0xd704</value>
         <object_component_ref idref="oc-108"/>
      </symbol>
      <symbol id="sm-30d">
         <name>__mspabi_func_epilog_5</name>
         <value>0xd702</value>
         <object_component_ref idref="oc-108"/>
      </symbol>
      <symbol id="sm-318">
         <name>C$$EXIT</name>
         <value>0xd736</value>
         <object_component_ref idref="oc-e7"/>
      </symbol>
      <symbol id="sm-319">
         <name>abort</name>
         <value>0xd736</value>
         <object_component_ref idref="oc-e7"/>
      </symbol>
      <symbol id="sm-31c">
         <name>__TI_int02</name>
         <value>0xffe4</value>
         <object_component_ref idref="oc-3b"/>
      </symbol>
      <symbol id="sm-31f">
         <name>__TI_int05</name>
         <value>0xffea</value>
         <object_component_ref idref="oc-3d"/>
      </symbol>
      <symbol id="sm-322">
         <name>__TI_int06</name>
         <value>0xffec</value>
         <object_component_ref idref="oc-3e"/>
      </symbol>
      <symbol id="sm-325">
         <name>__TI_int08</name>
         <value>0xfff0</value>
         <object_component_ref idref="oc-40"/>
      </symbol>
      <symbol id="sm-328">
         <name>__TI_int09</name>
         <value>0xfff2</value>
         <object_component_ref idref="oc-41"/>
      </symbol>
      <symbol id="sm-32b">
         <name>__TI_int10</name>
         <value>0xfff4</value>
         <object_component_ref idref="oc-42"/>
      </symbol>
      <symbol id="sm-32e">
         <name>__TI_int11</name>
         <value>0xfff6</value>
         <object_component_ref idref="oc-43"/>
      </symbol>
      <symbol id="sm-331">
         <name>__TI_int12</name>
         <value>0xfff8</value>
         <object_component_ref idref="oc-44"/>
      </symbol>
      <symbol id="sm-334">
         <name>__TI_int13</name>
         <value>0xfffa</value>
         <object_component_ref idref="oc-45"/>
      </symbol>
      <symbol id="sm-337">
         <name>__TI_int14</name>
         <value>0xfffc</value>
         <object_component_ref idref="oc-46"/>
      </symbol>
      <symbol id="sm-33f">
         <name>__TI_ISR_TRAP</name>
         <value>0xd726</value>
         <object_component_ref idref="oc-a7"/>
      </symbol>
      <symbol id="sm-347">
         <name>__mspabi_slli</name>
         <value>0xd4de</value>
         <object_component_ref idref="oc-273"/>
      </symbol>
      <symbol id="sm-348">
         <name>__mspabi_slli_9</name>
         <value>0xd4f6</value>
         <object_component_ref idref="oc-273"/>
      </symbol>
      <symbol id="sm-349">
         <name>__mspabi_slli_8</name>
         <value>0xd4f8</value>
         <object_component_ref idref="oc-273"/>
      </symbol>
      <symbol id="sm-34a">
         <name>__mspabi_slli_7</name>
         <value>0xd4fa</value>
         <object_component_ref idref="oc-273"/>
      </symbol>
      <symbol id="sm-34b">
         <name>__mspabi_slli_6</name>
         <value>0xd4fc</value>
         <object_component_ref idref="oc-273"/>
      </symbol>
      <symbol id="sm-34c">
         <name>__mspabi_slli_5</name>
         <value>0xd4fe</value>
         <object_component_ref idref="oc-273"/>
      </symbol>
      <symbol id="sm-34d">
         <name>__mspabi_slli_4</name>
         <value>0xd500</value>
         <object_component_ref idref="oc-273"/>
      </symbol>
      <symbol id="sm-34e">
         <name>__mspabi_slli_3</name>
         <value>0xd502</value>
         <object_component_ref idref="oc-273"/>
      </symbol>
      <symbol id="sm-34f">
         <name>__mspabi_slli_2</name>
         <value>0xd504</value>
         <object_component_ref idref="oc-273"/>
      </symbol>
      <symbol id="sm-350">
         <name>__mspabi_slli_1</name>
         <value>0xd506</value>
         <object_component_ref idref="oc-273"/>
      </symbol>
      <symbol id="sm-351">
         <name>__mspabi_slli_15</name>
         <value>0xd4ea</value>
         <object_component_ref idref="oc-273"/>
      </symbol>
      <symbol id="sm-352">
         <name>__mspabi_slli_14</name>
         <value>0xd4ec</value>
         <object_component_ref idref="oc-273"/>
      </symbol>
      <symbol id="sm-353">
         <name>__mspabi_slli_13</name>
         <value>0xd4ee</value>
         <object_component_ref idref="oc-273"/>
      </symbol>
      <symbol id="sm-354">
         <name>__mspabi_slli_12</name>
         <value>0xd4f0</value>
         <object_component_ref idref="oc-273"/>
      </symbol>
      <symbol id="sm-355">
         <name>__mspabi_slli_11</name>
         <value>0xd4f2</value>
         <object_component_ref idref="oc-273"/>
      </symbol>
      <symbol id="sm-356">
         <name>__mspabi_slli_10</name>
         <value>0xd4f4</value>
         <object_component_ref idref="oc-273"/>
      </symbol>
      <symbol id="sm-364">
         <name>memcpy</name>
         <value>0xd6dc</value>
         <object_component_ref idref="oc-8d"/>
      </symbol>
      <symbol id="sm-36f">
         <name>__mspabi_mpyi_sw</name>
         <value>0xd692</value>
         <object_component_ref idref="oc-224"/>
      </symbol>
      <symbol id="sm-370">
         <name>__mspabi_mpyi</name>
         <value>0xd692</value>
         <object_component_ref idref="oc-224"/>
      </symbol>
      <symbol id="sm-379">
         <name>_system_pre_init</name>
         <value>0xd732</value>
         <object_component_ref idref="oc-bf"/>
      </symbol>
      <symbol id="sm-393">
         <name>_auto_init</name>
         <value>0xd320</value>
         <object_component_ref idref="oc-c5"/>
      </symbol>
      <symbol id="sm-395">
         <name>__TI_INITARRAY_Base</name>
         <value>0x0</value>
      </symbol>
      <symbol id="sm-396">
         <name>__TI_INITARRAY_Limit</name>
         <value>0x0</value>
      </symbol>
   </symbol_table>
   <title>Link successful</title>
</link_info>
